ARM Linker, 5.03 [Build 24] [MDK-ARM Standard]

==============================================================================

Section Cross References

    checksum.o(i.crc_accumulate_buffer) refers to checksum.o(i.crc_accumulate) for crc_accumulate
    checksum.o(i.crc_calculate) refers to checksum.o(i.crc_init) for crc_init
    checksum.o(i.crc_calculate) refers to checksum.o(i.crc_accumulate) for crc_accumulate
    mavlink_helpers.o(i._mav_finalize_message_chan_send) refers to mavlink_helpers.o(i.mavlink_get_channel_status) for mavlink_get_channel_status
    mavlink_helpers.o(i._mav_finalize_message_chan_send) refers to checksum.o(i.crc_calculate) for crc_calculate
    mavlink_helpers.o(i._mav_finalize_message_chan_send) refers to checksum.o(i.crc_accumulate_buffer) for crc_accumulate_buffer
    mavlink_helpers.o(i._mav_finalize_message_chan_send) refers to checksum.o(i.crc_accumulate) for crc_accumulate
    mavlink_helpers.o(i._mav_finalize_message_chan_send) refers to mavlink_helpers.o(i._mavlink_send_uart) for _mavlink_send_uart
    mavlink_helpers.o(i._mav_finalize_message_chan_send) refers to main.o(.data) for mavlink_system
    mavlink_helpers.o(i._mavlink_resend_uart) refers to mavlink_helpers.o(i._mavlink_send_uart) for _mavlink_send_uart
    mavlink_helpers.o(i._mavlink_send_uart) refers to uart.o(i.serial_write_buf) for serial_write_buf
    mavlink_helpers.o(i.mavlink_finalize_message) refers to mavlink_helpers.o(i.mavlink_finalize_message_chan) for mavlink_finalize_message_chan
    mavlink_helpers.o(i.mavlink_finalize_message_chan) refers to mavlink_helpers.o(i.mavlink_get_channel_status) for mavlink_get_channel_status
    mavlink_helpers.o(i.mavlink_finalize_message_chan) refers to checksum.o(i.crc_calculate) for crc_calculate
    mavlink_helpers.o(i.mavlink_finalize_message_chan) refers to checksum.o(i.crc_accumulate_buffer) for crc_accumulate_buffer
    mavlink_helpers.o(i.mavlink_finalize_message_chan) refers to checksum.o(i.crc_accumulate) for crc_accumulate
    mavlink_helpers.o(i.mavlink_frame_char) refers to mavlink_helpers.o(i.mavlink_get_channel_status) for mavlink_get_channel_status
    mavlink_helpers.o(i.mavlink_frame_char) refers to mavlink_helpers.o(i.mavlink_get_channel_buffer) for mavlink_get_channel_buffer
    mavlink_helpers.o(i.mavlink_frame_char) refers to mavlink_helpers.o(i.mavlink_frame_char_buffer) for mavlink_frame_char_buffer
    mavlink_helpers.o(i.mavlink_frame_char_buffer) refers to mavlink_helpers.o(i.__ARM_common_switch8) for __ARM_common_switch8
    mavlink_helpers.o(i.mavlink_frame_char_buffer) refers to mavlink_helpers.o(i.mavlink_start_checksum) for mavlink_start_checksum
    mavlink_helpers.o(i.mavlink_frame_char_buffer) refers to mavlink_helpers.o(i.mavlink_update_checksum) for mavlink_update_checksum
    mavlink_helpers.o(i.mavlink_frame_char_buffer) refers to protocol.o(i.memcpy) for memcpy
    mavlink_helpers.o(i.mavlink_frame_char_buffer) refers to mavlink_helpers.o(.constdata) for mavlink_message_crcs
    mavlink_helpers.o(i.mavlink_get_channel_buffer) refers to mavlink_helpers.o(.bss) for m_mavlink_buffer
    mavlink_helpers.o(i.mavlink_get_channel_status) refers to mavlink_helpers.o(.bss) for m_mavlink_status
    mavlink_helpers.o(i.mavlink_msg_to_send_buffer) refers to protocol.o(i.memcpy) for memcpy
    mavlink_helpers.o(i.mavlink_parse_char) refers to mavlink_helpers.o(i.mavlink_frame_char) for mavlink_frame_char
    mavlink_helpers.o(i.mavlink_parse_char) refers to mavlink_helpers.o(i.mavlink_get_channel_buffer) for mavlink_get_channel_buffer
    mavlink_helpers.o(i.mavlink_parse_char) refers to mavlink_helpers.o(i.mavlink_get_channel_status) for mavlink_get_channel_status
    mavlink_helpers.o(i.mavlink_parse_char) refers to mavlink_helpers.o(i.mavlink_start_checksum) for mavlink_start_checksum
    mavlink_helpers.o(i.mavlink_reset_channel_status) refers to mavlink_helpers.o(i.mavlink_get_channel_status) for mavlink_get_channel_status
    mavlink_helpers.o(i.mavlink_start_checksum) refers to checksum.o(i.crc_init) for crc_init
    mavlink_helpers.o(i.mavlink_update_checksum) refers to checksum.o(i.crc_accumulate) for crc_accumulate
    protocol.o(i._mav_put_char_array) refers to protocol.o(i.mav_array_memcpy) for mav_array_memcpy
    protocol.o(i._mav_put_int8_t_array) refers to protocol.o(i.mav_array_memcpy) for mav_array_memcpy
    protocol.o(i._mav_put_uint8_t_array) refers to protocol.o(i.mav_array_memcpy) for mav_array_memcpy
    protocol.o(i.mav_array_memcpy) refers to protocol.o(i.memset) for memset
    protocol.o(i.mav_array_memcpy) refers to protocol.o(i.memcpy) for memcpy
    testsuite.o(i.mavlink_test_heartbeat) refers to protocol.o(i.memset) for memset
    testsuite.o(i.mavlink_test_heartbeat) refers to mavlink_msg_heartbeat.o(i.mavlink_msg_heartbeat_encode) for mavlink_msg_heartbeat_encode
    testsuite.o(i.mavlink_test_heartbeat) refers to mavlink_msg_heartbeat.o(i.mavlink_msg_heartbeat_decode) for mavlink_msg_heartbeat_decode
[...]
    Removing stm32f0xx_iwdg.o(.rev16_text), (4 bytes).
    Removing stm32f0xx_iwdg.o(.revsh_text), (4 bytes).
    Removing stm32f0xx_iwdg.o(i.IWDG_Enable), (16 bytes).
    Removing stm32f0xx_iwdg.o(i.IWDG_GetFlagStatus), (24 bytes).
    Removing stm32f0xx_iwdg.o(i.IWDG_ReloadCounter), (16 bytes).
    Removing stm32f0xx_iwdg.o(i.IWDG_SetPrescaler), (12 bytes).
    Removing stm32f0xx_iwdg.o(i.IWDG_SetReload), (12 bytes).
    Removing stm32f0xx_iwdg.o(i.IWDG_SetWindowValue), (12 bytes).
    Removing stm32f0xx_iwdg.o(i.IWDG_WriteAccessCmd), (12 bytes).
    Removing stm32f0xx_misc.o(.rev16_text), (4 bytes).
    Removing stm32f0xx_misc.o(.revsh_text), (4 bytes).
    Removing stm32f0xx_misc.o(i.NVIC_SystemLPConfig), (32 bytes).
    Removing stm32f0xx_misc.o(i.SysTick_CLKSourceConfig), (36 bytes).
    Removing stm32f0xx_pwr.o(.rev16_text), (4 bytes).
    Removing stm32f0xx_pwr.o(.revsh_text), (4 bytes).
    Removing stm32f0xx_pwr.o(i.PWR_BackupAccessCmd), (40 bytes).
    Removing stm32f0xx_pwr.o(i.PWR_ClearFlag), (20 bytes).
    Removing stm32f0xx_pwr.o(i.PWR_DeInit), (22 bytes).
    Removing stm32f0xx_pwr.o(i.PWR_EnterSTANDBYMode), (48 bytes).
    Removing stm32f0xx_pwr.o(i.PWR_EnterSTOPMode), (68 bytes).
    Removing stm32f0xx_pwr.o(i.PWR_EnterSleepMode), (28 bytes).
    Removing stm32f0xx_pwr.o(i.PWR_GetFlagStatus), (24 bytes).
    Removing stm32f0xx_pwr.o(i.PWR_PVDCmd), (36 bytes).
    Removing stm32f0xx_pwr.o(i.PWR_PVDLevelConfig), (32 bytes).
    Removing stm32f0xx_pwr.o(i.PWR_WakeUpPinCmd), (32 bytes).
    Removing stm32f0xx_rcc.o(.rev16_text), (4 bytes).
    Removing stm32f0xx_rcc.o(.revsh_text), (4 bytes).
    Removing stm32f0xx_rcc.o(i.RCC_ADCCLKConfig), (56 bytes).
    Removing stm32f0xx_rcc.o(i.RCC_AHBPeriphResetCmd), (32 bytes).
    Removing stm32f0xx_rcc.o(i.RCC_APB1PeriphClockCmd), (32 bytes).
    Removing stm32f0xx_rcc.o(i.RCC_APB1PeriphResetCmd), (32 bytes).
    Removing stm32f0xx_rcc.o(i.RCC_APB2PeriphResetCmd), (32 bytes).
    Removing stm32f0xx_rcc.o(i.RCC_AdjustHSI14CalibrationValue), (32 bytes).
    Removing stm32f0xx_rcc.o(i.RCC_AdjustHSICalibrationValue), (32 bytes).
    Removing stm32f0xx_rcc.o(i.RCC_BackupResetCmd), (40 bytes).
    Removing stm32f0xx_rcc.o(i.RCC_CECCLKConfig), (28 bytes).
    Removing stm32f0xx_rcc.o(i.RCC_ClearFlag), (20 bytes).
    Removing stm32f0xx_rcc.o(i.RCC_ClearITPendingBit), (12 bytes).
    Removing stm32f0xx_rcc.o(i.RCC_ClockSecuritySystemCmd), (40 bytes).
    Removing stm32f0xx_rcc.o(i.RCC_DeInit), (116 bytes).
    Removing stm32f0xx_rcc.o(i.RCC_GetITStatus), (24 bytes).
    Removing stm32f0xx_rcc.o(i.RCC_HCLKConfig), (32 bytes).
    Removing stm32f0xx_rcc.o(i.RCC_HSEConfig), (16 bytes).
    Removing stm32f0xx_rcc.o(i.RCC_HSI14ADCRequestCmd), (36 bytes).
    Removing stm32f0xx_rcc.o(i.RCC_HSI14Cmd), (36 bytes).
    Removing stm32f0xx_rcc.o(i.RCC_HSICmd), (36 bytes).
    Removing stm32f0xx_rcc.o(i.RCC_I2CCLKConfig), (28 bytes).
    Removing stm32f0xx_rcc.o(i.RCC_ITConfig), (32 bytes).
    Removing stm32f0xx_rcc.o(i.RCC_LSEConfig), (40 bytes).
    Removing stm32f0xx_rcc.o(i.RCC_LSEDriveConfig), (28 bytes).
    Removing stm32f0xx_rcc.o(i.RCC_LSICmd), (36 bytes).
    Removing stm32f0xx_rcc.o(i.RCC_MCOConfig), (12 bytes).
    Removing stm32f0xx_rcc.o(i.RCC_PCLKConfig), (36 bytes).
    Removing stm32f0xx_rcc.o(i.RCC_PREDIV1Config), (28 bytes).
    Removing stm32f0xx_rcc.o(i.RCC_RTCCLKCmd), (40 bytes).
    Removing stm32f0xx_rcc.o(i.RCC_RTCCLKConfig), (16 bytes).
    Removing stm32f0xx_rcc.o(i.RCC_USARTCLKConfig), (28 bytes).
    Removing stm32f0xx_rcc.o(i.RCC_WaitForHSEStartUp), (60 bytes).
    Removing stm32f0xx_rtc.o(.rev16_text), (4 bytes).
    Removing stm32f0xx_rtc.o(.revsh_text), (4 bytes).
    Removing stm32f0xx_rtc.o(i.RTC_AlarmCmd), (108 bytes).
    Removing stm32f0xx_rtc.o(i.RTC_AlarmStructInit), (22 bytes).
    Removing stm32f0xx_rtc.o(i.RTC_AlarmSubSecondConfig), (40 bytes).
    Removing stm32f0xx_rtc.o(i.RTC_Bcd2ToByte), (26 bytes).
    Removing stm32f0xx_rtc.o(i.RTC_BypassShadowCmd), (52 bytes).
    Removing stm32f0xx_rtc.o(i.RTC_ByteToBcd2), (28 bytes).
    Removing stm32f0xx_rtc.o(i.RTC_CalibOutputCmd), (56 bytes).
    Removing stm32f0xx_rtc.o(i.RTC_CalibOutputConfig), (44 bytes).
    Removing stm32f0xx_rtc.o(i.RTC_ClearFlag), (32 bytes).
    Removing stm32f0xx_rtc.o(i.RTC_ClearITPendingBit), (36 bytes).
    Removing stm32f0xx_rtc.o(i.RTC_DateStructInit), (14 bytes).
    Removing stm32f0xx_rtc.o(i.RTC_DayLightSavingConfig), (48 bytes).
    Removing stm32f0xx_rtc.o(i.RTC_DeInit), (112 bytes).
    Removing stm32f0xx_rtc.o(i.RTC_EnterInitMode), (84 bytes).
    Removing stm32f0xx_rtc.o(i.RTC_ExitInitMode), (20 bytes).
    Removing stm32f0xx_rtc.o(i.RTC_GetAlarm), (120 bytes).
    Removing stm32f0xx_rtc.o(i.RTC_GetAlarmSubSecond), (20 bytes).
    Removing stm32f0xx_rtc.o(i.RTC_GetDate), (96 bytes).
    Removing stm32f0xx_rtc.o(i.RTC_GetFlagStatus), (40 bytes).
    Removing stm32f0xx_rtc.o(i.RTC_GetITStatus), (76 bytes).
    Removing stm32f0xx_rtc.o(i.RTC_GetStoreOperation), (16 bytes).
    Removing stm32f0xx_rtc.o(i.RTC_GetSubSecond), (16 bytes).
    Removing stm32f0xx_rtc.o(i.RTC_GetTime), (92 bytes).
    Removing stm32f0xx_rtc.o(i.RTC_GetTimeStamp), (164 bytes).
    Removing stm32f0xx_rtc.o(i.RTC_GetTimeStampSubSecond), (12 bytes).
    Removing stm32f0xx_rtc.o(i.RTC_ITConfig), (100 bytes).
    Removing stm32f0xx_rtc.o(i.RTC_Init), (88 bytes).
    Removing stm32f0xx_rtc.o(i.RTC_OutputConfig), (48 bytes).
    Removing stm32f0xx_rtc.o(i.RTC_OutputTypeConfig), (28 bytes).
    Removing stm32f0xx_rtc.o(i.RTC_ReadBackupRegister), (32 bytes).
    Removing stm32f0xx_rtc.o(i.RTC_RefClockCmd), (76 bytes).
    Removing stm32f0xx_rtc.o(i.RTC_SetAlarm), (212 bytes).
    Removing stm32f0xx_rtc.o(i.RTC_SetDate), (204 bytes).
    Removing stm32f0xx_rtc.o(i.RTC_SetTime), (212 bytes).
    Removing stm32f0xx_rtc.o(i.RTC_SmoothCalibConfig), (92 bytes).
    Removing stm32f0xx_rtc.o(i.RTC_StructInit), (14 bytes).
    Removing stm32f0xx_rtc.o(i.RTC_SynchroShiftConfig), (116 bytes).
    Removing stm32f0xx_rtc.o(i.RTC_TamperCmd), (32 bytes).
    Removing stm32f0xx_rtc.o(i.RTC_TamperFilterConfig), (28 bytes).
    Removing stm32f0xx_rtc.o(i.RTC_TamperPinsPrechargeDuration), (28 bytes).
    Removing stm32f0xx_rtc.o(i.RTC_TamperPullUpCmd), (40 bytes).
    Removing stm32f0xx_rtc.o(i.RTC_TamperSamplingFreqConfig), (28 bytes).
    Removing stm32f0xx_rtc.o(i.RTC_TamperTriggerConfig), (36 bytes).
    Removing stm32f0xx_rtc.o(i.RTC_TimeStampCmd), (64 bytes).
    Removing stm32f0xx_rtc.o(i.RTC_TimeStampOnTamperDetectionCmd), (36 bytes).
    Removing stm32f0xx_rtc.o(i.RTC_TimeStructInit), (12 bytes).
    Removing stm32f0xx_rtc.o(i.RTC_WaitForSynchro), (104 bytes).
    Removing stm32f0xx_rtc.o(i.RTC_WriteBackupRegister), (28 bytes).
    Removing stm32f0xx_rtc.o(i.RTC_WriteProtectionCmd), (28 bytes).
    Removing stm32f0xx_spi.o(.rev16_text), (4 bytes).
    Removing stm32f0xx_spi.o(.revsh_text), (4 bytes).
    Removing stm32f0xx_spi.o(i.I2S_Cmd), (32 bytes).
    Removing stm32f0xx_spi.o(i.I2S_Init), (232 bytes).
    Removing stm32f0xx_spi.o(i.I2S_StructInit), (20 bytes).
    Removing stm32f0xx_spi.o(i.SPI_BiDirectionalLineConfig), (32 bytes).
    Removing stm32f0xx_spi.o(i.SPI_CRCLengthConfig), (20 bytes).
    Removing stm32f0xx_spi.o(i.SPI_CalculateCRC), (32 bytes).
    Removing stm32f0xx_spi.o(i.SPI_Cmd), (28 bytes).
    Removing stm32f0xx_spi.o(i.SPI_DataSizeConfig), (24 bytes).
    Removing stm32f0xx_spi.o(i.SPI_GetCRC), (16 bytes).
    Removing stm32f0xx_spi.o(i.SPI_GetCRCPolynomial), (6 bytes).
    Removing stm32f0xx_spi.o(i.SPI_GetReceptionFIFOStatus), (12 bytes).
    Removing stm32f0xx_spi.o(i.SPI_GetTransmissionFIFOStatus), (12 bytes).
    Removing stm32f0xx_spi.o(i.SPI_I2S_ClearFlag), (6 bytes).
    Removing stm32f0xx_spi.o(i.SPI_I2S_DMACmd), (20 bytes).
    Removing stm32f0xx_spi.o(i.SPI_I2S_DeInit), (60 bytes).
    Removing stm32f0xx_spi.o(i.SPI_I2S_GetFlagStatus), (18 bytes).
    Removing stm32f0xx_spi.o(i.SPI_I2S_GetITStatus), (54 bytes).
    Removing stm32f0xx_spi.o(i.SPI_I2S_ITConfig), (34 bytes).
    Removing stm32f0xx_spi.o(i.SPI_I2S_ReceiveData16), (6 bytes).
    Removing stm32f0xx_spi.o(i.SPI_I2S_SendData16), (4 bytes).
    Removing stm32f0xx_spi.o(i.SPI_Init), (88 bytes).
    Removing stm32f0xx_spi.o(i.SPI_LastDMATransferCmd), (20 bytes).
    Removing stm32f0xx_spi.o(i.SPI_NSSInternalSoftwareConfig), (32 bytes).
    Removing stm32f0xx_spi.o(i.SPI_NSSPulseModeCmd), (28 bytes).
    Removing stm32f0xx_spi.o(i.SPI_ReceiveData8), (12 bytes).
    Removing stm32f0xx_spi.o(i.SPI_RxFIFOThresholdConfig), (20 bytes).
    Removing stm32f0xx_spi.o(i.SPI_SSOutputCmd), (28 bytes).
    Removing stm32f0xx_spi.o(i.SPI_SendData8), (10 bytes).
    Removing stm32f0xx_spi.o(i.SPI_StructInit), (30 bytes).
    Removing stm32f0xx_spi.o(i.SPI_TIModeCmd), (28 bytes).
    Removing stm32f0xx_spi.o(i.SPI_TransmitCRC), (12 bytes).
    Removing stm32f0xx_syscfg.o(.rev16_text), (4 bytes).
    Removing stm32f0xx_syscfg.o(.revsh_text), (4 bytes).
    Removing stm32f0xx_syscfg.o(i.SYSCFG_BreakConfig), (16 bytes).
    Removing stm32f0xx_syscfg.o(i.SYSCFG_ClearFlag), (16 bytes).
    Removing stm32f0xx_syscfg.o(i.SYSCFG_DMAChannelRemapConfig), (32 bytes).
    Removing stm32f0xx_syscfg.o(i.SYSCFG_DeInit), (44 bytes).
    Removing stm32f0xx_syscfg.o(i.SYSCFG_EXTILineConfig), (64 bytes).
    Removing stm32f0xx_syscfg.o(i.SYSCFG_GetFlagStatus), (28 bytes).
    Removing stm32f0xx_syscfg.o(i.SYSCFG_I2CFastModePlusConfig), (32 bytes).
    Removing stm32f0xx_syscfg.o(i.SYSCFG_MemoryRemapConfig), (28 bytes).
    Removing stm32f0xx_tim.o(.rev16_text), (4 bytes).
    Removing stm32f0xx_tim.o(.revsh_text), (4 bytes).
    Removing stm32f0xx_tim.o(i.TI1_Config), (56 bytes).
    Removing stm32f0xx_tim.o(i.TI2_Config), (76 bytes).
    Removing stm32f0xx_tim.o(i.TI3_Config), (72 bytes).
    Removing stm32f0xx_tim.o(i.TI4_Config), (80 bytes).
    Removing stm32f0xx_tim.o(i.TIM_ARRPreloadConfig), (28 bytes).
    Removing stm32f0xx_tim.o(i.TIM_BDTRConfig), (32 bytes).
    Removing stm32f0xx_tim.o(i.TIM_BDTRStructInit), (18 bytes).
    Removing stm32f0xx_tim.o(i.TIM_CCPreloadControl), (28 bytes).
    Removing stm32f0xx_tim.o(i.TIM_CCxCmd), (30 bytes).
    Removing stm32f0xx_tim.o(i.TIM_CCxNCmd), (30 bytes).
    Removing stm32f0xx_tim.o(i.TIM_ClearFlag), (6 bytes).
    Removing stm32f0xx_tim.o(i.TIM_ClearITPendingBit), (6 bytes).
    Removing stm32f0xx_tim.o(i.TIM_ClearOC1Ref), (24 bytes).
    Removing stm32f0xx_tim.o(i.TIM_ClearOC2Ref), (20 bytes).
    Removing stm32f0xx_tim.o(i.TIM_ClearOC3Ref), (24 bytes).
    Removing stm32f0xx_tim.o(i.TIM_ClearOC4Ref), (20 bytes).
    Removing stm32f0xx_tim.o(i.TIM_Cmd), (28 bytes).
    Removing stm32f0xx_tim.o(i.TIM_CounterModeConfig), (24 bytes).
    Removing stm32f0xx_tim.o(i.TIM_CtrlPWMOutputs), (34 bytes).
    Removing stm32f0xx_tim.o(i.TIM_DMACmd), (20 bytes).
    Removing stm32f0xx_tim.o(i.TIM_DMAConfig), (12 bytes).
    Removing stm32f0xx_tim.o(i.TIM_DeInit), (232 bytes).
    Removing stm32f0xx_tim.o(i.TIM_ETRClockMode1Config), (52 bytes).
    Removing stm32f0xx_tim.o(i.TIM_ETRClockMode2Config), (34 bytes).
    Removing stm32f0xx_tim.o(i.TIM_ETRConfig), (24 bytes).
    Removing stm32f0xx_tim.o(i.TIM_EncoderInterfaceConfig), (68 bytes).
    Removing stm32f0xx_tim.o(i.TIM_ForcedOC1Config), (24 bytes).
    Removing stm32f0xx_tim.o(i.TIM_ForcedOC2Config), (24 bytes).
    Removing stm32f0xx_tim.o(i.TIM_ForcedOC3Config), (24 bytes).
    Removing stm32f0xx_tim.o(i.TIM_ForcedOC4Config), (24 bytes).
    Removing stm32f0xx_tim.o(i.TIM_GenerateEvent), (4 bytes).
    Removing stm32f0xx_tim.o(i.TIM_GetCapture1), (6 bytes).
    Removing stm32f0xx_tim.o(i.TIM_GetCapture2), (6 bytes).
    Removing stm32f0xx_tim.o(i.TIM_GetCapture3), (6 bytes).
    Removing stm32f0xx_tim.o(i.TIM_GetCapture4), (6 bytes).
    Removing stm32f0xx_tim.o(i.TIM_GetCounter), (6 bytes).
    Removing stm32f0xx_tim.o(i.TIM_GetFlagStatus), (18 bytes).
    Removing stm32f0xx_tim.o(i.TIM_GetITStatus), (38 bytes).
    Removing stm32f0xx_tim.o(i.TIM_GetPrescaler), (6 bytes).
    Removing stm32f0xx_tim.o(i.TIM_ICInit), (112 bytes).
    Removing stm32f0xx_tim.o(i.TIM_ICStructInit), (18 bytes).
    Removing stm32f0xx_tim.o(i.TIM_ITConfig), (20 bytes).
    Removing stm32f0xx_tim.o(i.TIM_ITRxExternalClockConfig), (24 bytes).
    Removing stm32f0xx_tim.o(i.TIM_InternalClockConfig), (16 bytes).
    Removing stm32f0xx_tim.o(i.TIM_OC1FastConfig), (24 bytes).
    Removing stm32f0xx_tim.o(i.TIM_OC1Init), (148 bytes).
    Removing stm32f0xx_tim.o(i.TIM_OC1NPolarityConfig), (24 bytes).
    Removing stm32f0xx_tim.o(i.TIM_OC1PolarityConfig), (24 bytes).
    Removing stm32f0xx_tim.o(i.TIM_OC1PreloadConfig), (24 bytes).
    Removing stm32f0xx_tim.o(i.TIM_OC2FastConfig), (24 bytes).
    Removing stm32f0xx_tim.o(i.TIM_OC2Init), (156 bytes).
    Removing stm32f0xx_tim.o(i.TIM_OC2NPolarityConfig), (24 bytes).
    Removing stm32f0xx_tim.o(i.TIM_OC2PolarityConfig), (24 bytes).
    Removing stm32f0xx_tim.o(i.TIM_OC2PreloadConfig), (24 bytes).
    Removing stm32f0xx_tim.o(i.TIM_OC3FastConfig), (24 bytes).
    Removing stm32f0xx_tim.o(i.TIM_OC3Init), (152 bytes).
    Removing stm32f0xx_tim.o(i.TIM_OC3NPolarityConfig), (24 bytes).
    Removing stm32f0xx_tim.o(i.TIM_OC3PolarityConfig), (24 bytes).
    Removing stm32f0xx_tim.o(i.TIM_OC3PreloadConfig), (24 bytes).
    Removing stm32f0xx_tim.o(i.TIM_OC4FastConfig), (24 bytes).
    Removing stm32f0xx_tim.o(i.TIM_OC4Init), (112 bytes).
    Removing stm32f0xx_tim.o(i.TIM_OC4PolarityConfig), (24 bytes).
    Removing stm32f0xx_tim.o(i.TIM_OC4PreloadConfig), (24 bytes).
    Removing stm32f0xx_tim.o(i.TIM_OCStructInit), (20 bytes).
    Removing stm32f0xx_tim.o(i.TIM_PWMIConfig), (124 bytes).
    Removing stm32f0xx_tim.o(i.TIM_PrescalerConfig), (6 bytes).
    Removing stm32f0xx_tim.o(i.TIM_RemapConfig), (6 bytes).
    Removing stm32f0xx_tim.o(i.TIM_SelectCCDMA), (28 bytes).
    Removing stm32f0xx_tim.o(i.TIM_SelectCOM), (28 bytes).
    Removing stm32f0xx_tim.o(i.TIM_SelectHallSensor), (28 bytes).
    Removing stm32f0xx_tim.o(i.TIM_SelectInputTrigger), (24 bytes).
    Removing stm32f0xx_tim.o(i.TIM_SelectMasterSlaveMode), (20 bytes).
    Removing stm32f0xx_tim.o(i.TIM_SelectOCREFClear), (20 bytes).
    Removing stm32f0xx_tim.o(i.TIM_SelectOCxM), (82 bytes).
    Removing stm32f0xx_tim.o(i.TIM_SelectOnePulseMode), (20 bytes).
    Removing stm32f0xx_tim.o(i.TIM_SelectOutputTrigger), (20 bytes).
    Removing stm32f0xx_tim.o(i.TIM_SelectSlaveMode), (20 bytes).
    Removing stm32f0xx_tim.o(i.TIM_SetAutoreload), (4 bytes).
    Removing stm32f0xx_tim.o(i.TIM_SetClockDivision), (20 bytes).
    Removing stm32f0xx_tim.o(i.TIM_SetCompare1), (4 bytes).
    Removing stm32f0xx_tim.o(i.TIM_SetCompare2), (4 bytes).
    Removing stm32f0xx_tim.o(i.TIM_SetCompare3), (4 bytes).
    Removing stm32f0xx_tim.o(i.TIM_SetCompare4), (4 bytes).
    Removing stm32f0xx_tim.o(i.TIM_SetCounter), (4 bytes).
    Removing stm32f0xx_tim.o(i.TIM_SetIC1Prescaler), (20 bytes).
    Removing stm32f0xx_tim.o(i.TIM_SetIC2Prescaler), (24 bytes).
    Removing stm32f0xx_tim.o(i.TIM_SetIC3Prescaler), (20 bytes).
    Removing stm32f0xx_tim.o(i.TIM_SetIC4Prescaler), (24 bytes).
    Removing stm32f0xx_tim.o(i.TIM_TIxExternalClockConfig), (58 bytes).
    Removing stm32f0xx_tim.o(i.TIM_TimeBaseInit), (124 bytes).
    Removing stm32f0xx_tim.o(i.TIM_TimeBaseStructInit), (18 bytes).
    Removing stm32f0xx_tim.o(i.TIM_UpdateDisableConfig), (28 bytes).
    Removing stm32f0xx_tim.o(i.TIM_UpdateRequestConfig), (28 bytes).
    Removing stm32f0xx_usart.o(.rev16_text), (4 bytes).
    Removing stm32f0xx_usart.o(.revsh_text), (4 bytes).
    Removing stm32f0xx_usart.o(i.USART_AddressDetectionConfig), (16 bytes).
    Removing stm32f0xx_usart.o(i.USART_AutoBaudRateCmd), (28 bytes).
    Removing stm32f0xx_usart.o(i.USART_AutoBaudRateConfig), (18 bytes).
    Removing stm32f0xx_usart.o(i.USART_AutoBaudRateNewRequest), (12 bytes).
    Removing stm32f0xx_usart.o(i.USART_ClearFlag), (4 bytes).
    Removing stm32f0xx_usart.o(i.USART_ClearITPendingBit), (18 bytes).
    Removing stm32f0xx_usart.o(i.USART_ClockInit), (36 bytes).
    Removing stm32f0xx_usart.o(i.USART_ClockStructInit), (12 bytes).
    Removing stm32f0xx_usart.o(i.USART_DECmd), (28 bytes).
    Removing stm32f0xx_usart.o(i.USART_DEPolarityConfig), (18 bytes).
    Removing stm32f0xx_usart.o(i.USART_DMACmd), (20 bytes).
    Removing stm32f0xx_usart.o(i.USART_DMAReceptionErrorConfig), (18 bytes).
    Removing stm32f0xx_usart.o(i.USART_DataInvCmd), (28 bytes).
    Removing stm32f0xx_usart.o(i.USART_DeInit), (64 bytes).
    Removing stm32f0xx_usart.o(i.USART_DirectionModeCmd), (20 bytes).
    Removing stm32f0xx_usart.o(i.USART_GetFlagStatus), (18 bytes).
    Removing stm32f0xx_usart.o(i.USART_HalfDuplexCmd), (24 bytes).
    Removing stm32f0xx_usart.o(i.USART_InvPinCmd), (20 bytes).
    Removing stm32f0xx_usart.o(i.USART_IrDACmd), (24 bytes).
    Removing stm32f0xx_usart.o(i.USART_IrDAConfig), (16 bytes).
    Removing stm32f0xx_usart.o(i.USART_LINBreakDetectLengthConfig), (16 bytes).
    Removing stm32f0xx_usart.o(i.USART_LINCmd), (28 bytes).
    Removing stm32f0xx_usart.o(i.USART_MSBFirstCmd), (28 bytes).
    Removing stm32f0xx_usart.o(i.USART_MuteModeCmd), (28 bytes).
    Removing stm32f0xx_usart.o(i.USART_MuteModeWakeUpConfig), (18 bytes).
    Removing stm32f0xx_usart.o(i.USART_OneBitMethodCmd), (28 bytes).
    Removing stm32f0xx_usart.o(i.USART_OverSampling8Cmd), (28 bytes).
    Removing stm32f0xx_usart.o(i.USART_OverrunDetectionConfig), (18 bytes).
    Removing stm32f0xx_usart.o(i.USART_ReceiveData), (10 bytes).
    Removing stm32f0xx_usart.o(i.USART_ReceiverTimeOutCmd), (28 bytes).
    Removing stm32f0xx_usart.o(i.USART_RequestCmd), (20 bytes).
    Removing stm32f0xx_usart.o(i.USART_STOPModeCmd), (24 bytes).
    Removing stm32f0xx_usart.o(i.USART_SWAPPinCmd), (28 bytes).
    Removing stm32f0xx_usart.o(i.USART_SendData), (8 bytes).
    Removing stm32f0xx_usart.o(i.USART_SetAddress), (18 bytes).
    Removing stm32f0xx_usart.o(i.USART_SetAutoRetryCount), (20 bytes).
    Removing stm32f0xx_usart.o(i.USART_SetBlockLength), (18 bytes).
    Removing stm32f0xx_usart.o(i.USART_SetDEAssertionTime), (20 bytes).
    Removing stm32f0xx_usart.o(i.USART_SetDEDeassertionTime), (20 bytes).
    Removing stm32f0xx_usart.o(i.USART_SetGuardTime), (16 bytes).
    Removing stm32f0xx_usart.o(i.USART_SetPrescaler), (18 bytes).
    Removing stm32f0xx_usart.o(i.USART_SetReceiverTimeOut), (16 bytes).
    Removing stm32f0xx_usart.o(i.USART_SmartCardCmd), (24 bytes).
    Removing stm32f0xx_usart.o(i.USART_SmartCardNACKCmd), (24 bytes).
    Removing stm32f0xx_usart.o(i.USART_StopModeWakeUpSourceConfig), (18 bytes).
    Removing stm32f0xx_usart.o(i.USART_StructInit), (24 bytes).
    Removing stm32f0xx_wwdg.o(.rev16_text), (4 bytes).
    Removing stm32f0xx_wwdg.o(.revsh_text), (4 bytes).
    Removing stm32f0xx_wwdg.o(i.WWDG_ClearFlag), (12 bytes).
    Removing stm32f0xx_wwdg.o(i.WWDG_DeInit), (22 bytes).
    Removing stm32f0xx_wwdg.o(i.WWDG_Enable), (16 bytes).
    Removing stm32f0xx_wwdg.o(i.WWDG_EnableIT), (20 bytes).
    Removing stm32f0xx_wwdg.o(i.WWDG_GetFlagStatus), (24 bytes).
    Removing stm32f0xx_wwdg.o(i.WWDG_SetCounter), (16 bytes).
    Removing stm32f0xx_wwdg.o(i.WWDG_SetPrescaler), (32 bytes).
    Removing stm32f0xx_wwdg.o(i.WWDG_SetWindowValue), (40 bytes).

871 unused section(s) (total 29146 bytes) removed from the image.

==============================================================================

Image Symbol Table

    Local Symbols

    Symbol Name                              Value     Ov Type        Size  Object(Section)

    ../clib/angel/boardlib.s                 0x00000000   Number         0  boardinit3.o ABSOLUTE
    ../clib/angel/boardlib.s                 0x00000000   Number         0  boardshut.o ABSOLUTE
    ../clib/angel/boardlib.s                 0x00000000   Number         0  boardinit2.o ABSOLUTE
    ../clib/angel/boardlib.s                 0x00000000   Number         0  boardinit1.o ABSOLUTE
    ../clib/angel/handlers.s                 0x00000000   Number         0  __scatter_zi.o ABSOLUTE
    ../clib/angel/handlers.s                 0x00000000   Number         0  __scatter_copy.o ABSOLUTE
    ../clib/angel/kernel.s                   0x00000000   Number         0  rtexit2.o ABSOLUTE
    ../clib/angel/kernel.s                   0x00000000   Number         0  rtexit.o ABSOLUTE
    ../clib/angel/kernel.s                   0x00000000   Number         0  rtentry4.o ABSOLUTE
    ../clib/angel/kernel.s                   0x00000000   Number         0  rtentry2.o ABSOLUTE
    ../clib/angel/kernel.s                   0x00000000   Number         0  rtentry.o ABSOLUTE
    ../clib/angel/rt.s                       0x00000000   Number         0  rt_raise.o ABSOLUTE
    ../clib/angel/rt.s                       0x00000000   Number         0  rt_div0.o ABSOLUTE
    ../clib/angel/rt.s                       0x00000000   Number         0  aeabi_idiv0_sigfpe.o ABSOLUTE
    ../clib/angel/rt.s                       0x00000000   Number         0  aeabi_idiv0.o ABSOLUTE
    ../clib/angel/scatterp.s                 0x00000000   Number         0  __scatter.o ABSOLUTE
    ../clib/angel/startup.s                  0x00000000   Number         0  __main.o ABSOLUTE
    ../clib/angel/sys.s                      0x00000000   Number         0  tempstk.o ABSOLUTE
    ../clib/angel/sys.s                      0x00000000   Number         0  libspace.o ABSOLUTE
    ../clib/angel/sys.s                      0x00000000   Number         0  sys_stackheap_outer.o ABSOLUTE
    ../clib/angel/sys.s                      0x00000000   Number         0  indicate_semi.o ABSOLUTE
    ../clib/angel/sys.s                      0x00000000   Number         0  use_no_semi.o ABSOLUTE
    ../clib/angel/sysapp.c                   0x00000000   Number         0  sys_wrch.o ABSOLUTE
    ../clib/angel/sysapp.c                   0x00000000   Number         0  sys_exit.o ABSOLUTE
    ../clib/angel/sysapp.c                   0x00000000   Number         0  sys_command.o ABSOLUTE
    ../clib/armsys.c                         0x00000000   Number         0  _get_argv_nomalloc.o ABSOLUTE
    ../clib/armsys.c                         0x00000000   Number         0  argv_veneer.o ABSOLUTE
    ../clib/armsys.c                         0x00000000   Number         0  no_argv.o ABSOLUTE
    ../clib/division.s                       0x00000000   Number         0  aeabi_sdiv_div0.o ABSOLUTE
    ../clib/division.s                       0x00000000   Number         0  aeabi_sdiv.o ABSOLUTE
    ../clib/heapalloc.c                      0x00000000   Number         0  hrguard.o ABSOLUTE
    ../clib/heapaux.c                        0x00000000   Number         0  heapauxi.o ABSOLUTE
    ../clib/libinit.s                        0x00000000   Number         0  libshutdown.o ABSOLUTE
    ../clib/libinit.s                        0x00000000   Number         0  libshutdown2.o ABSOLUTE
    ../clib/libinit.s                        0x00000000   Number         0  libinit2.o ABSOLUTE
    ../clib/libinit.s                        0x00000000   Number         0  libinit.o ABSOLUTE
    ../clib/signal.c                         0x00000000   Number         0  defsig_abrt_inner.o ABSOLUTE
    ../clib/signal.c                         0x00000000   Number         0  defsig_exit.o ABSOLUTE
    ../clib/signal.c                         0x00000000   Number         0  defsig_rtmem_inner.o ABSOLUTE
    ../clib/signal.c                         0x00000000   Number         0  defsig_rtmem_outer.o ABSOLUTE
    ../clib/signal.c                         0x00000000   Number         0  defsig_fpe_inner.o ABSOLUTE
    ../clib/signal.c                         0x00000000   Number         0  defsig_rtmem_formal.o ABSOLUTE
    ../clib/signal.c                         0x00000000   Number         0  __raise.o ABSOLUTE
    ../clib/signal.c                         0x00000000   Number         0  defsig_fpe_outer.o ABSOLUTE
    ../clib/signal.c                         0x00000000   Number         0  defsig_stak_inner.o ABSOLUTE
    ../clib/signal.c                         0x00000000   Number         0  defsig_pvfn_inner.o ABSOLUTE
    ../clib/signal.c                         0x00000000   Number         0  defsig_cppl_inner.o ABSOLUTE
    ../clib/signal.c                         0x00000000   Number         0  defsig_segv_inner.o ABSOLUTE
    ../clib/signal.c                         0x00000000   Number         0  defsig_rtred_inner.o ABSOLUTE
    ../clib/signal.c                         0x00000000   Number         0  defsig_general.o ABSOLUTE
    ../clib/signal.c                         0x00000000   Number         0  defsig_other.o ABSOLUTE
    ../clib/signal.c                         0x00000000   Number         0  defsig_fpe_formal.o ABSOLUTE
    ../clib/signal.s                         0x00000000   Number         0  defsig.o ABSOLUTE
    ../clib/stdlib.c                         0x00000000   Number         0  exit.o ABSOLUTE
    ../fplib/cfplib/fflt.c                   0x00000000   Number         0  fflti.o ABSOLUTE
    ../fplib/cfplib/fpinit.c                 0x00000000   Number         0  fpinit.o ABSOLUTE
    ../fplib/usenofp.s                       0x00000000   Number         0  usenofp.o ABSOLUTE
    OpenTel_Mavlink.c                        0x00000000   Number         0  opentel_mavlink.o ABSOLUTE
    OpenTel_Mavlink.c                        0x00000000   Number         0  opentel_mavlink.o ABSOLUTE
    dc.s                                     0x00000000   Number         0  dc.o ABSOLUTE
    main.c                                   0x00000000   Number         0  main.o ABSOLUTE
    main.c                                   0x00000000   Number         0  main.o ABSOLUTE
    minimal\\mavlink_helpers.c               0x00000000   Number         0  mavlink_helpers.o ABSOLUTE
    minimal\checksum.c                       0x00000000   Number         0  checksum.o ABSOLUTE
    minimal\mavlink_helpers.c                0x00000000   Number         0  mavlink_helpers.o ABSOLUTE
    minimal\minimal\mavlink_msg_ahrs.c       0x00000000   Number         0  mavlink_msg_ahrs.o ABSOLUTE
    minimal\minimal\mavlink_msg_attitude.c   0x00000000   Number         0  mavlink_msg_attitude.o ABSOLUTE
    minimal\minimal\mavlink_msg_global_position_int.c 0x00000000   Number         0  mavlink_msg_global_position_int.o ABSOLUTE
    minimal\minimal\mavlink_msg_gps_raw_int.c 0x00000000   Number         0  mavlink_msg_gps_raw_int.o ABSOLUTE
    minimal\minimal\mavlink_msg_gps_status.c 0x00000000   Number         0  mavlink_msg_gps_status.o ABSOLUTE
    minimal\minimal\mavlink_msg_heartbeat.c  0x00000000   Number         0  mavlink_msg_heartbeat.o ABSOLUTE
    minimal\minimal\mavlink_msg_hwstatus.c   0x00000000   Number         0  mavlink_msg_hwstatus.o ABSOLUTE
    minimal\minimal\mavlink_msg_limits_status.c 0x00000000   Number         0  mavlink_msg_limits_status.o ABSOLUTE
    minimal\minimal\mavlink_msg_meminfo.c    0x00000000   Number         0  mavlink_msg_meminfo.o ABSOLUTE
    minimal\minimal\mavlink_msg_mission_current.c 0x00000000   Number         0  mavlink_msg_mission_current.o ABSOLUTE
    minimal\minimal\mavlink_msg_mission_request.c 0x00000000   Number         0  mavlink_msg_mission_request.o ABSOLUTE
    minimal\minimal\mavlink_msg_nav_controller_output.c 0x00000000   Number         0  mavlink_msg_nav_controller_output.o ABSOLUTE
    minimal\minimal\mavlink_msg_param_value.c 0x00000000   Number         0  mavlink_msg_param_value.o ABSOLUTE
    minimal\minimal\mavlink_msg_raw_imu.c    0x00000000   Number         0  mavlink_msg_raw_imu.o ABSOLUTE
    minimal\minimal\mavlink_msg_rc_channels_raw.c 0x00000000   Number         0  mavlink_msg_rc_channels_raw.o ABSOLUTE
    minimal\minimal\mavlink_msg_rc_channels_scaled.c 0x00000000   Number         0  mavlink_msg_rc_channels_scaled.o ABSOLUTE
    minimal\minimal\mavlink_msg_scaled_pressure.c 0x00000000   Number         0  mavlink_msg_scaled_pressure.o ABSOLUTE
    minimal\minimal\mavlink_msg_sensor_offsets.c 0x00000000   Number         0  mavlink_msg_sensor_offsets.o ABSOLUTE
    minimal\minimal\mavlink_msg_servo_output_raw.c 0x00000000   Number         0  mavlink_msg_servo_output_raw.o ABSOLUTE
    minimal\minimal\mavlink_msg_simstate.c   0x00000000   Number         0  mavlink_msg_simstate.o ABSOLUTE
    minimal\minimal\mavlink_msg_statustext.c 0x00000000   Number         0  mavlink_msg_statustext.o ABSOLUTE
    minimal\minimal\mavlink_msg_sys_status.c 0x00000000   Number         0  mavlink_msg_sys_status.o ABSOLUTE
    minimal\minimal\mavlink_msg_vfr_hud.c    0x00000000   Number         0  mavlink_msg_vfr_hud.o ABSOLUTE
    minimal\minimal\testsuite.c              0x00000000   Number         0  testsuite.o ABSOLUTE
    minimal\protocol.c                       0x00000000   Number         0  protocol.o ABSOLUTE
    stm32\\lib\\src\\stm32f0xx_adc.c         0x00000000   Number         0  stm32f0xx_adc.o ABSOLUTE
    stm32\\lib\\src\\stm32f0xx_cec.c         0x00000000   Number         0  stm32f0xx_cec.o ABSOLUTE
    stm32\\lib\\src\\stm32f0xx_comp.c        0x00000000   Number         0  stm32f0xx_comp.o ABSOLUTE
    stm32\\lib\\src\\stm32f0xx_crc.c         0x00000000   Number         0  stm32f0xx_crc.o ABSOLUTE
    stm32\\lib\\src\\stm32f0xx_dac.c         0x00000000   Number         0  stm32f0xx_dac.o ABSOLUTE
    stm32\\lib\\src\\stm32f0xx_dbgmcu.c      0x00000000   Number         0  stm32f0xx_dbgmcu.o ABSOLUTE
    stm32\\lib\\src\\stm32f0xx_dma.c         0x00000000   Number         0  stm32f0xx_dma.o ABSOLUTE
    stm32\\lib\\src\\stm32f0xx_exti.c        0x00000000   Number         0  stm32f0xx_exti.o ABSOLUTE
    stm32\\lib\\src\\stm32f0xx_flash.c       0x00000000   Number         0  stm32f0xx_flash.o ABSOLUTE
    stm32\\lib\\src\\stm32f0xx_gpio.c        0x00000000   Number         0  stm32f0xx_gpio.o ABSOLUTE
    stm32\\lib\\src\\stm32f0xx_i2c.c         0x00000000   Number         0  stm32f0xx_i2c.o ABSOLUTE
    stm32\\lib\\src\\stm32f0xx_iwdg.c        0x00000000   Number         0  stm32f0xx_iwdg.o ABSOLUTE
    stm32\\lib\\src\\stm32f0xx_misc.c        0x00000000   Number         0  stm32f0xx_misc.o ABSOLUTE
    stm32\\lib\\src\\stm32f0xx_pwr.c         0x00000000   Number         0  stm32f0xx_pwr.o ABSOLUTE
    stm32\\lib\\src\\stm32f0xx_rcc.c         0x00000000   Number         0  stm32f0xx_rcc.o ABSOLUTE
    stm32\\lib\\src\\stm32f0xx_rtc.c         0x00000000   Number         0  stm32f0xx_rtc.o ABSOLUTE
    stm32\\lib\\src\\stm32f0xx_spi.c         0x00000000   Number         0  stm32f0xx_spi.o ABSOLUTE
    stm32\\lib\\src\\stm32f0xx_syscfg.c      0x00000000   Number         0  stm32f0xx_syscfg.o ABSOLUTE
    stm32\\lib\\src\\stm32f0xx_tim.c         0x00000000   Number         0  stm32f0xx_tim.o ABSOLUTE
    stm32\\lib\\src\\stm32f0xx_usart.c       0x00000000   Number         0  stm32f0xx_usart.o ABSOLUTE
    stm32\\lib\\src\\stm32f0xx_wwdg.c        0x00000000   Number         0  stm32f0xx_wwdg.o ABSOLUTE
    stm32\\stm32f0\\stm32f0xx_it.c           0x00000000   Number         0  stm32f0xx_it.o ABSOLUTE
    stm32\\stm32f0\\system_stm32f0xx.c       0x00000000   Number         0  system_stm32f0xx.o ABSOLUTE
    stm32\lib\src\stm32f0xx_adc.c            0x00000000   Number         0  stm32f0xx_adc.o ABSOLUTE
    stm32\lib\src\stm32f0xx_cec.c            0x00000000   Number         0  stm32f0xx_cec.o ABSOLUTE
    stm32\lib\src\stm32f0xx_comp.c           0x00000000   Number         0  stm32f0xx_comp.o ABSOLUTE
    stm32\lib\src\stm32f0xx_crc.c            0x00000000   Number         0  stm32f0xx_crc.o ABSOLUTE
    stm32\lib\src\stm32f0xx_dac.c            0x00000000   Number         0  stm32f0xx_dac.o ABSOLUTE
    stm32\lib\src\stm32f0xx_dbgmcu.c         0x00000000   Number         0  stm32f0xx_dbgmcu.o ABSOLUTE
    stm32\lib\src\stm32f0xx_dma.c            0x00000000   Number         0  stm32f0xx_dma.o ABSOLUTE
    stm32\lib\src\stm32f0xx_exti.c           0x00000000   Number         0  stm32f0xx_exti.o ABSOLUTE
    stm32\lib\src\stm32f0xx_flash.c          0x00000000   Number         0  stm32f0xx_flash.o ABSOLUTE
    stm32\lib\src\stm32f0xx_gpio.c           0x00000000   Number         0  stm32f0xx_gpio.o ABSOLUTE
    stm32\lib\src\stm32f0xx_i2c.c            0x00000000   Number         0  stm32f0xx_i2c.o ABSOLUTE
    stm32\lib\src\stm32f0xx_iwdg.c           0x00000000   Number         0  stm32f0xx_iwdg.o ABSOLUTE
    stm32\lib\src\stm32f0xx_misc.c           0x00000000   Number         0  stm32f0xx_misc.o ABSOLUTE
    stm32\lib\src\stm32f0xx_pwr.c            0x00000000   Number         0  stm32f0xx_pwr.o ABSOLUTE
    stm32\lib\src\stm32f0xx_rcc.c            0x00000000   Number         0  stm32f0xx_rcc.o ABSOLUTE
    stm32\lib\src\stm32f0xx_rtc.c            0x00000000   Number         0  stm32f0xx_rtc.o ABSOLUTE
    stm32\lib\src\stm32f0xx_spi.c            0x00000000   Number         0  stm32f0xx_spi.o ABSOLUTE
    stm32\lib\src\stm32f0xx_syscfg.c         0x00000000   Number         0  stm32f0xx_syscfg.o ABSOLUTE
    stm32\lib\src\stm32f0xx_tim.c            0x00000000   Number         0  stm32f0xx_tim.o ABSOLUTE
    stm32\lib\src\stm32f0xx_usart.c          0x00000000   Number         0  stm32f0xx_usart.o ABSOLUTE
    stm32\lib\src\stm32f0xx_wwdg.c           0x00000000   Number         0  stm32f0xx_wwdg.o ABSOLUTE
    stm32\stm32f0\startup_stm32f0xx.s        0x00000000   Number         0  startup_stm32f0xx.o ABSOLUTE
    stm32\stm32f0\stm32f0xx_it.c             0x00000000   Number         0  stm32f0xx_it.o ABSOLUTE
    stm32\stm32f0\system_stm32f0xx.c         0x00000000   Number         0  system_stm32f0xx.o ABSOLUTE
    uart\\fifo.c                             0x00000000   Number         0  fifo.o ABSOLUTE
    uart\\uart.c                             0x00000000   Number         0  uart.o ABSOLUTE
    uart\fifo.c                              0x00000000   Number         0  fifo.o ABSOLUTE
    uart\uart.c                              0x00000000   Number         0  uart.o ABSOLUTE
    RESET                                    0x08000000   Section      192  startup_stm32f0xx.o(RESET)
    !!!main                                  0x080000c0   Section        8  __main.o(!!!main)
    !!!scatter                               0x080000c8   Section       60  __scatter.o(!!!scatter)
    !!handler_copy                           0x08000104   Section       26  __scatter_copy.o(!!handler_copy)
    !!handler_zi                             0x08000120   Section       28  __scatter_zi.o(!!handler_zi)
    .ARM.Collect$$libinit$$00000000          0x0800013c   Section        2  libinit.o(.ARM.Collect$$libinit$$00000000)
    .ARM.Collect$$libinit$$00000001          0x0800013e   Section        4  libinit2.o(.ARM.Collect$$libinit$$00000001)
    .ARM.Collect$$libinit$$00000008          0x08000142   Section        0  libinit2.o(.ARM.Collect$$libinit$$00000008)
    .ARM.Collect$$libinit$$0000000A          0x08000142   Section        0  libinit2.o(.ARM.Collect$$libinit$$0000000A)
    .ARM.Collect$$libinit$$0000000C          0x08000142   Section        0  libinit2.o(.ARM.Collect$$libinit$$0000000C)
    .ARM.Collect$$libinit$$0000000F          0x08000142   Section        0  libinit2.o(.ARM.Collect$$libinit$$0000000F)
    .ARM.Collect$$libinit$$00000011          0x08000142   Section        0  libinit2.o(.ARM.Collect$$libinit$$00000011)
    .ARM.Collect$$libinit$$00000013          0x08000142   Section        0  libinit2.o(.ARM.Collect$$libinit$$00000013)
    .ARM.Collect$$libinit$$00000015          0x08000142   Section        0  libinit2.o(.ARM.Collect$$libinit$$00000015)
    .ARM.Collect$$libinit$$00000017          0x08000142   Section        0  libinit2.o(.ARM.Collect$$libinit$$00000017)
    .ARM.Collect$$libinit$$00000019          0x08000142   Section        0  libinit2.o(.ARM.Collect$$libinit$$00000019)
    .ARM.Collect$$libinit$$0000001B          0x08000142   Section        0  libinit2.o(.ARM.Collect$$libinit$$0000001B)
    .ARM.Collect$$libinit$$0000001D          0x08000142   Section        0  libinit2.o(.ARM.Collect$$libinit$$0000001D)
    .ARM.Collect$$libinit$$0000001F          0x08000142   Section        0  libinit2.o(.ARM.Collect$$libinit$$0000001F)
    .ARM.Collect$$libinit$$00000021          0x08000142   Section        0  libinit2.o(.ARM.Collect$$libinit$$00000021)
    .ARM.Collect$$libinit$$00000023          0x08000142   Section        0  libinit2.o(.ARM.Collect$$libinit$$00000023)
    .ARM.Collect$$libinit$$0000002A          0x08000142   Section        0  libinit2.o(.ARM.Collect$$libinit$$0000002A)
    .ARM.Collect$$libinit$$0000002C          0x08000142   Section        0  libinit2.o(.ARM.Collect$$libinit$$0000002C)
    .ARM.Collect$$libinit$$0000002E          0x08000142   Section        0  libinit2.o(.ARM.Collect$$libinit$$0000002E)
    .ARM.Collect$$libinit$$00000030          0x08000142   Section        0  libinit2.o(.ARM.Collect$$libinit$$00000030)
    .ARM.Collect$$libinit$$00000031          0x08000142   Section        2  libinit2.o(.ARM.Collect$$libinit$$00000031)
    .ARM.Collect$$libshutdown$$00000000      0x08000144   Section        2  libshutdown.o(.ARM.Collect$$libshutdown$$00000000)
    .ARM.Collect$$libshutdown$$00000003      0x08000146   Section        0  libshutdown2.o(.ARM.Collect$$libshutdown$$00000003)
    .ARM.Collect$$libshutdown$$00000006      0x08000146   Section        0  libshutdown2.o(.ARM.Collect$$libshutdown$$00000006)
    .ARM.Collect$$libshutdown$$00000009      0x08000146   Section        0  libshutdown2.o(.ARM.Collect$$libshutdown$$00000009)
    .ARM.Collect$$libshutdown$$0000000B      0x08000146   Section        0  libshutdown2.o(.ARM.Collect$$libshutdown$$0000000B)
    .ARM.Collect$$libshutdown$$0000000E      0x08000146   Section        0  libshutdown2.o(.ARM.Collect$$libshutdown$$0000000E)
    .ARM.Collect$$libshutdown$$0000000F      0x08000146   Section        2  libshutdown2.o(.ARM.Collect$$libshutdown$$0000000F)
    .ARM.Collect$$rtentry$$00000000          0x08000148   Section        0  rtentry.o(.ARM.Collect$$rtentry$$00000000)
    .ARM.Collect$$rtentry$$00000002          0x08000148   Section        0  rtentry2.o(.ARM.Collect$$rtentry$$00000002)
    .ARM.Collect$$rtentry$$00000004          0x08000148   Section        6  rtentry4.o(.ARM.Collect$$rtentry$$00000004)
    .ARM.Collect$$rtentry$$00000009          0x0800014e   Section        0  rtentry2.o(.ARM.Collect$$rtentry$$00000009)
    .ARM.Collect$$rtentry$$0000000A          0x0800014e   Section        4  rtentry2.o(.ARM.Collect$$rtentry$$0000000A)
    .ARM.Collect$$rtentry$$0000000C          0x08000152   Section        0  rtentry2.o(.ARM.Collect$$rtentry$$0000000C)
    .ARM.Collect$$rtentry$$0000000D          0x08000152   Section        8  rtentry2.o(.ARM.Collect$$rtentry$$0000000D)
    .ARM.Collect$$rtexit$$00000000           0x0800015a   Section        2  rtexit.o(.ARM.Collect$$rtexit$$00000000)
    .ARM.Collect$$rtexit$$00000002           0x0800015c   Section        0  rtexit2.o(.ARM.Collect$$rtexit$$00000002)
    .ARM.Collect$$rtexit$$00000003           0x0800015c   Section        4  rtexit2.o(.ARM.Collect$$rtexit$$00000003)
    .ARM.Collect$$rtexit$$00000004           0x08000160   Section        6  rtexit2.o(.ARM.Collect$$rtexit$$00000004)
    .text                                    0x08000168   Section       56  startup_stm32f0xx.o(.text)
    .text                                    0x080001a0   Section      346  aeabi_sdiv.o(.text)
    .text                                    0x080002fa   Section        0  heapauxi.o(.text)
    .text                                    0x08000300   Section        0  fflti.o(.text)
    .text                                    0x0800035e   Section       62  sys_stackheap_outer.o(.text)
    .text                                    0x0800039c   Section        0  exit.o(.text)
    .text                                    0x080003a8   Section        8  libspace.o(.text)
    .text                                    0x080003b0   Section        0  sys_exit.o(.text)
    .text                                    0x080003bc   Section        2  use_no_semi.o(.text)
    .text                                    0x080003be   Section        0  indicate_semi.o(.text)
    i.EXTI4_15_IRQHandler                    0x080003be   Section        0  stm32f0xx_it.o(i.EXTI4_15_IRQHandler)
    i.GPIO_Init                              0x080003c0   Section        0  stm32f0xx_gpio.o(i.GPIO_Init)
    i.GPIO_PinAFConfig                       0x08000450   Section        0  stm32f0xx_gpio.o(i.GPIO_PinAFConfig)
    i.HardFault_Handler                      0x08000494   Section        0  stm32f0xx_it.o(i.HardFault_Handler)
    i.NMI_Handler                            0x08000498   Section        0  stm32f0xx_it.o(i.NMI_Handler)
    i.NVIC_Init                              0x0800049c   Section        0  stm32f0xx_misc.o(i.NVIC_Init)
    i.NVIC_SetPriority                       0x0800050c   Section        0  main.o(i.NVIC_SetPriority)
    NVIC_SetPriority                         0x0800050d   Thumb Code   110  main.o(i.NVIC_SetPriority)
    i.PendSV_Handler                         0x08000584   Section        0  stm32f0xx_it.o(i.PendSV_Handler)
    i.RCC_AHBPeriphClockCmd                  0x08000588   Section        0  stm32f0xx_rcc.o(i.RCC_AHBPeriphClockCmd)
    i.RCC_APB2PeriphClockCmd                 0x080005a8   Section        0  stm32f0xx_rcc.o(i.RCC_APB2PeriphClockCmd)
    i.RCC_Configuration                      0x080005c8   Section        0  main.o(i.RCC_Configuration)
    i.RCC_GetClocksFreq                      0x080005f8   Section        0  stm32f0xx_rcc.o(i.RCC_GetClocksFreq)
    i.RCC_GetFlagStatus                      0x08000764   Section        0  stm32f0xx_rcc.o(i.RCC_GetFlagStatus)
    i.RCC_GetSYSCLKSource                    0x080007ac   Section        0  stm32f0xx_rcc.o(i.RCC_GetSYSCLKSource)
    i.RCC_PLLCmd                             0x080007bc   Section        0  stm32f0xx_rcc.o(i.RCC_PLLCmd)
    i.RCC_PLLConfig                          0x080007e4   Section        0  stm32f0xx_rcc.o(i.RCC_PLLConfig)
    i.RCC_SYSCLKConfig                       0x08000808   Section        0  stm32f0xx_rcc.o(i.RCC_SYSCLKConfig)
    i.RTC_IRQHandler                         0x08000824   Section        0  stm32f0xx_it.o(i.RTC_IRQHandler)
    i.SVC_Handler                            0x08000826   Section        0  stm32f0xx_it.o(i.SVC_Handler)
    i.SetSysClock                            0x08000828   Section        0  system_stm32f0xx.o(i.SetSysClock)
    SetSysClock                              0x08000829   Thumb Code   236  system_stm32f0xx.o(i.SetSysClock)
    i.SysTick_Handler                        0x0800091c   Section        0  stm32f0xx_it.o(i.SysTick_Handler)
    i.SystemInit                             0x08000944   Section        0  system_stm32f0xx.o(i.SystemInit)
    i.USART1_IRQHandler                      0x080009c0   Section        0  stm32f0xx_it.o(i.USART1_IRQHandler)
    i.USART_Cmd                              0x08000a38   Section        0  stm32f0xx_usart.o(i.USART_Cmd)
    i.USART_Configuration                    0x08000a50   Section        0  uart.o(i.USART_Configuration)
    i.USART_GetITStatus                      0x08000ae8   Section        0  stm32f0xx_usart.o(i.USART_GetITStatus)
    i.USART_ITConfig                         0x08000b36   Section        0  stm32f0xx_usart.o(i.USART_ITConfig)
    i.USART_Init                             0x08000b78   Section        0  stm32f0xx_usart.o(i.USART_Init)
    i.__ARM_common_switch8                   0x08000c68   Section        0  mavlink_helpers.o(i.__ARM_common_switch8)
    i._mav_finalize_message_chan_send        0x08000c84   Section        0  mavlink_helpers.o(i._mav_finalize_message_chan_send)
    i._mavlink_send_uart                     0x08000d10   Section        0  mavlink_helpers.o(i._mavlink_send_uart)
    i.crc_accumulate                         0x08000d22   Section        0  checksum.o(i.crc_accumulate)
    i.crc_accumulate_buffer                  0x08000d46   Section        0  checksum.o(i.crc_accumulate_buffer)
    i.crc_calculate                          0x08000d68   Section        0  checksum.o(i.crc_calculate)
    i.crc_init                               0x08000d90   Section        0  checksum.o(i.crc_init)
    i.fifo_free                              0x08000d98   Section        0  fifo.o(i.fifo_free)
    i.fifo_init                              0x08000dba   Section        0  fifo.o(i.fifo_init)
    i.fifo_read_ch                           0x08000ddc   Section        0  fifo.o(i.fifo_read_ch)
    i.fifo_used                              0x08000e08   Section        0  fifo.o(i.fifo_used)
    i.fifo_write_ch                          0x08000e2a   Section        0  fifo.o(i.fifo_write_ch)
    i.handleMessage                          0x08000e58   Section        0  opentel_mavlink.o(i.handleMessage)
    i.main                                   0x08000eb0   Section        0  main.o(i.main)
    i.mavlink_frame_char                     0x08000f58   Section        0  mavlink_helpers.o(i.mavlink_frame_char)
    i.mavlink_frame_char_buffer              0x08000f80   Section        0  mavlink_helpers.o(i.mavlink_frame_char_buffer)
    i.mavlink_get_channel_buffer             0x08001124   Section        0  mavlink_helpers.o(i.mavlink_get_channel_buffer)
    i.mavlink_get_channel_status             0x08001138   Section        0  mavlink_helpers.o(i.mavlink_get_channel_status)
    i.mavlink_msg_ahrs_decode                0x08001148   Section        0  mavlink_msg_ahrs.o(i.mavlink_msg_ahrs_decode)
    i.mavlink_msg_ahrs_send                  0x0800115c   Section        0  mavlink_msg_ahrs.o(i.mavlink_msg_ahrs_send)
    i.mavlink_msg_attitude_decode            0x08001190   Section        0  mavlink_msg_attitude.o(i.mavlink_msg_attitude_decode)
    i.mavlink_msg_attitude_send              0x080011a4   Section        0  mavlink_msg_attitude.o(i.mavlink_msg_attitude_send)
    i.mavlink_msg_global_position_int_decode 0x080011d8   Section        0  mavlink_msg_global_position_int.o(i.mavlink_msg_global_position_int_decode)
    i.mavlink_msg_global_position_int_send   0x080011ec   Section        0  mavlink_msg_global_position_int.o(i.mavlink_msg_global_position_int_send)
    i.mavlink_msg_heartbeat_decode           0x0800122e   Section        0  mavlink_msg_heartbeat.o(i.mavlink_msg_heartbeat_decode)
    i.mavlink_msg_heartbeat_send             0x08001242   Section        0  mavlink_msg_heartbeat.o(i.mavlink_msg_heartbeat_send)
    i.mavlink_parse_char                     0x08001274   Section        0  mavlink_helpers.o(i.mavlink_parse_char)
    i.mavlink_send_message                   0x080012c8   Section        0  opentel_mavlink.o(i.mavlink_send_message)
    i.mavlink_start_checksum                 0x08001370   Section        0  mavlink_helpers.o(i.mavlink_start_checksum)
    i.mavlink_try_send_message               0x0800137c   Section        0  opentel_mavlink.o(i.mavlink_try_send_message)
    mavlink_try_send_message                 0x0800137d   Thumb Code   142  opentel_mavlink.o(i.mavlink_try_send_message)
    i.mavlink_update_checksum                0x0800140a   Section        0  mavlink_helpers.o(i.mavlink_update_checksum)
    i.memcpy                                 0x0800141a   Section        0  protocol.o(i.memcpy)
    i.send_ahrs                              0x08001434   Section        0  opentel_mavlink.o(i.send_ahrs)
    send_ahrs                                0x08001435   Thumb Code   136  opentel_mavlink.o(i.send_ahrs)
    __tagsym$$noinline                       0x08001435   Number         0  opentel_mavlink.o(i.send_ahrs)
    i.send_attitude                          0x080014c0   Section        0  opentel_mavlink.o(i.send_attitude)
    send_attitude                            0x080014c1   Thumb Code   160  opentel_mavlink.o(i.send_attitude)
    __tagsym$$noinline                       0x080014c1   Number         0  opentel_mavlink.o(i.send_attitude)
    i.send_heartbeat                         0x08001564   Section        0  opentel_mavlink.o(i.send_heartbeat)
    send_heartbeat                           0x08001565   Thumb Code    78  opentel_mavlink.o(i.send_heartbeat)
    __tagsym$$noinline                       0x08001565   Number         0  opentel_mavlink.o(i.send_heartbeat)
    i.send_location                          0x080015b8   Section        0  opentel_mavlink.o(i.send_location)
    send_location                            0x080015b9   Thumb Code    46  opentel_mavlink.o(i.send_location)
    __tagsym$$noinline                       0x080015b9   Number         0  opentel_mavlink.o(i.send_location)
    i.send_statustext                        0x080015e6   Section        0  opentel_mavlink.o(i.send_statustext)
    send_statustext                          0x080015e7   Thumb Code     2  opentel_mavlink.o(i.send_statustext)
    __tagsym$$noinline                       0x080015e7   Number         0  opentel_mavlink.o(i.send_statustext)
    i.serial_available                       0x080015e8   Section        0  uart.o(i.serial_available)
    i.serial_free                            0x080015f8   Section        0  uart.o(i.serial_free)
    i.serial_open                            0x08001608   Section        0  uart.o(i.serial_open)
    i.serial_read_ch                         0x08001638   Section        0  uart.o(i.serial_read_ch)
    i.serial_write_buf                       0x0800164c   Section        0  uart.o(i.serial_write_buf)
    i.telemetry_delayed                      0x0800168c   Section        0  opentel_mavlink.o(i.telemetry_delayed)
    telemetry_delayed                        0x0800168d   Thumb Code     6  opentel_mavlink.o(i.telemetry_delayed)
    i.update                                 0x08001694   Section        0  opentel_mavlink.o(i.update)
    .constdata                               0x080016dc   Section      256  mavlink_helpers.o(.constdata)
    x$fpl$usenofp                            0x080016dc   Section        0  usenofp.o(x$fpl$usenofp)
    mavlink_message_crcs                     0x080016dc   Data         256  mavlink_helpers.o(.constdata)
    .data                                    0x20000000   Section        5  opentel_mavlink.o(.data)
    control_mode                             0x20000000   Data           1  opentel_mavlink.o(.data)
    mavlink_active                           0x20000004   Data           1  opentel_mavlink.o(.data)
    .data                                    0x20000008   Section       18  main.o(.data)
    .data                                    0x2000001a   Section        1  stm32f0xx_it.o(.data)
    _Timer20msCount                          0x2000001a   Data           1  stm32f0xx_it.o(.data)
    .data                                    0x2000001c   Section       20  system_stm32f0xx.o(.data)
    .data                                    0x20000030   Section       16  stm32f0xx_rcc.o(.data)
    APBAHBPrescTable                         0x20000030   Data          16  stm32f0xx_rcc.o(.data)
    .bss                                     0x20000040   Section     1136  mavlink_helpers.o(.bss)
    m_mavlink_status                         0x20000040   Data          48  mavlink_helpers.o(.bss)
    m_mavlink_buffer                         0x20000070   Data        1088  mavlink_helpers.o(.bss)
    .bss                                     0x200004b0   Section      297  opentel_mavlink.o(.bss)
    pending_status                           0x20000574   Data          51  opentel_mavlink.o(.bss)
    mavlink_queue                            0x200005a7   Data          50  opentel_mavlink.o(.bss)
    .bss                                     0x200005dc   Section      534  uart.o(.bss)
    .bss                                     0x200007f4   Section       96  libspace.o(.bss)
    HEAP                                     0x20000858   Section      512  startup_stm32f0xx.o(HEAP)
    Heap_Mem                                 0x20000858   Data         512  startup_stm32f0xx.o(HEAP)
    STACK                                    0x20000a58   Section     1024  startup_stm32f0xx.o(STACK)
    Stack_Mem                                0x20000a58   Data        1024  startup_stm32f0xx.o(STACK)
    __initial_sp                             0x20000e58   Data           0  startup_stm32f0xx.o(STACK)

    Global Symbols

    Symbol Name                              Value     Ov Type        Size  Object(Section)

    BuildAttributes$$THM_ISAv3M$S$PE$A:L22$X:L11$S22$IEEE1$IW$USESV6$~STKCKD$USESV7$~SHL$OSPACE$ROPI$EBA8$UX$STANDARDLIB$REQ8$PRES8$EABIv2 0x00000000   Number         0  anon$$obj.o ABSOLUTE
    __ARM_use_no_argv                        0x00000000   Number         0  main.o ABSOLUTE
    __ARM_exceptions_init                     - Undefined Weak Reference
    __alloca_initialize                       - Undefined Weak Reference
    __cpp_initialize__aeabi_                  - Undefined Weak Reference
    __cxa_finalize                            - Undefined Weak Reference
    __rt_locale                               - Undefined Weak Reference
    __sigvec_lookup                           - Undefined Weak Reference
    _atexit_init                              - Undefined Weak Reference
    _call_atexit_fns                          - Undefined Weak Reference
    _clock_init                               - Undefined Weak Reference
    _fp_trap_init                             - Undefined Weak Reference
    _fp_trap_shutdown                         - Undefined Weak Reference
    _get_lc_collate                           - Undefined Weak Reference
    _get_lc_ctype                             - Undefined Weak Reference
    _get_lc_monetary                          - Undefined Weak Reference
    _get_lc_numeric                           - Undefined Weak Reference
    _get_lc_time                              - Undefined Weak Reference
    _getenv_init                              - Undefined Weak Reference
    _handle_redirection                       - Undefined Weak Reference
    _init_alloc                               - Undefined Weak Reference
    _init_user_alloc                          - Undefined Weak Reference
    _initio                                   - Undefined Weak Reference
    _rand_init                                - Undefined Weak Reference
    _signal_finish                            - Undefined Weak Reference
    _signal_init                              - Undefined Weak Reference
    _terminate_alloc                          - Undefined Weak Reference
    _terminate_user_alloc                     - Undefined Weak Reference
    _terminateio                              - Undefined Weak Reference
    __Vectors_Size                           0x000000c0   Number         0  startup_stm32f0xx.o ABSOLUTE
    __Vectors                                0x08000000   Data           4  startup_stm32f0xx.o(RESET)
    __Vectors_End                            0x080000c0   Data           0  startup_stm32f0xx.o(RESET)
    __main                                   0x080000c1   Thumb Code     8  __main.o(!!!main)
    __scatterload                            0x080000c9   Thumb Code     0  __scatter.o(!!!scatter)
    __scatterload_rt2                        0x080000c9   Thumb Code    52  __scatter.o(!!!scatter)
    __scatterload_rt2_thumb_only             0x080000c9   Thumb Code     0  __scatter.o(!!!scatter)
    __scatterload_null                       0x080000d9   Thumb Code     0  __scatter.o(!!!scatter)
    __scatterload_copy                       0x08000105   Thumb Code    26  __scatter_copy.o(!!handler_copy)
    __scatterload_zeroinit                   0x08000121   Thumb Code    28  __scatter_zi.o(!!handler_zi)
    __rt_lib_init                            0x0800013d   Thumb Code     0  libinit.o(.ARM.Collect$$libinit$$00000000)
    __rt_lib_init_fp_1                       0x0800013f   Thumb Code     0  libinit2.o(.ARM.Collect$$libinit$$00000001)
    __rt_lib_init_alloca_1                   0x08000143   Thumb Code     0  libinit2.o(.ARM.Collect$$libinit$$0000002C)
    __rt_lib_init_argv_1                     0x08000143   Thumb Code     0  libinit2.o(.ARM.Collect$$libinit$$0000002A)
    __rt_lib_init_atexit_1                   0x08000143   Thumb Code     0  libinit2.o(.ARM.Collect$$libinit$$00000019)
    __rt_lib_init_clock_1                    0x08000143   Thumb Code     0  libinit2.o(.ARM.Collect$$libinit$$0000001F)
    __rt_lib_init_cpp_1                      0x08000143   Thumb Code     0  libinit2.o(.ARM.Collect$$libinit$$00000030)
    __rt_lib_init_exceptions_1               0x08000143   Thumb Code     0  libinit2.o(.ARM.Collect$$libinit$$0000002E)
    __rt_lib_init_fp_trap_1                  0x08000143   Thumb Code     0  libinit2.o(.ARM.Collect$$libinit$$0000001D)
    __rt_lib_init_getenv_1                   0x08000143   Thumb Code     0  libinit2.o(.ARM.Collect$$libinit$$00000021)
    __rt_lib_init_heap_1                     0x08000143   Thumb Code     0  libinit2.o(.ARM.Collect$$libinit$$00000008)
    __rt_lib_init_lc_collate_1               0x08000143   Thumb Code     0  libinit2.o(.ARM.Collect$$libinit$$0000000F)
    __rt_lib_init_lc_ctype_1                 0x08000143   Thumb Code     0  libinit2.o(.ARM.Collect$$libinit$$00000011)
    __rt_lib_init_lc_monetary_1              0x08000143   Thumb Code     0  libinit2.o(.ARM.Collect$$libinit$$00000013)
    __rt_lib_init_lc_numeric_1               0x08000143   Thumb Code     0  libinit2.o(.ARM.Collect$$libinit$$00000015)
    __rt_lib_init_lc_time_1                  0x08000143   Thumb Code     0  libinit2.o(.ARM.Collect$$libinit$$00000017)
    __rt_lib_init_rand_1                     0x08000143   Thumb Code     0  libinit2.o(.ARM.Collect$$libinit$$0000000C)
    __rt_lib_init_return                     0x08000143   Thumb Code     0  libinit2.o(.ARM.Collect$$libinit$$00000031)
    __rt_lib_init_signal_1                   0x08000143   Thumb Code     0  libinit2.o(.ARM.Collect$$libinit$$0000001B)
    __rt_lib_init_stdio_1                    0x08000143   Thumb Code     0  libinit2.o(.ARM.Collect$$libinit$$00000023)
    __rt_lib_init_user_alloc_1               0x08000143   Thumb Code     0  libinit2.o(.ARM.Collect$$libinit$$0000000A)
    __rt_lib_shutdown                        0x08000145   Thumb Code     0  libshutdown.o(.ARM.Collect$$libshutdown$$00000000)
    __rt_lib_shutdown_fp_trap_1              0x08000147   Thumb Code     0  libshutdown2.o(.ARM.Collect$$libshutdown$$00000006)
    __rt_lib_shutdown_heap_1                 0x08000147   Thumb Code     0  libshutdown2.o(.ARM.Collect$$libshutdown$$0000000E)
    __rt_lib_shutdown_return                 0x08000147   Thumb Code     0  libshutdown2.o(.ARM.Collect$$libshutdown$$0000000F)
    __rt_lib_shutdown_signal_1               0x08000147   Thumb Code     0  libshutdown2.o(.ARM.Collect$$libshutdown$$00000009)
    __rt_lib_shutdown_stdio_1                0x08000147   Thumb Code     0  libshutdown2.o(.ARM.Collect$$libshutdown$$00000003)
    __rt_lib_shutdown_user_alloc_1           0x08000147   Thumb Code     0  libshutdown2.o(.ARM.Collect$$libshutdown$$0000000B)
    __rt_entry                               0x08000149   Thumb Code     0  rtentry.o(.ARM.Collect$$rtentry$$00000000)
    __rt_entry_presh_1                       0x08000149   Thumb Code     0  rtentry2.o(.ARM.Collect$$rtentry$$00000002)
    __rt_entry_sh                            0x08000149   Thumb Code     0  rtentry4.o(.ARM.Collect$$rtentry$$00000004)
    __rt_entry_li                            0x0800014f   Thumb Code     0  rtentry2.o(.ARM.Collect$$rtentry$$0000000A)
    __rt_entry_postsh_1                      0x0800014f   Thumb Code     0  rtentry2.o(.ARM.Collect$$rtentry$$00000009)
    __rt_entry_main                          0x08000153   Thumb Code     0  rtentry2.o(.ARM.Collect$$rtentry$$0000000D)
    __rt_entry_postli_1                      0x08000153   Thumb Code     0  rtentry2.o(.ARM.Collect$$rtentry$$0000000C)
    __rt_exit                                0x0800015b   Thumb Code     0  rtexit.o(.ARM.Collect$$rtexit$$00000000)
    __rt_exit_ls                             0x0800015d   Thumb Code     0  rtexit2.o(.ARM.Collect$$rtexit$$00000003)
    __rt_exit_prels_1                        0x0800015d   Thumb Code     0  rtexit2.o(.ARM.Collect$$rtexit$$00000002)
    __rt_exit_exit                           0x08000161   Thumb Code     0  rtexit2.o(.ARM.Collect$$rtexit$$00000004)
    Reset_Handler                            0x08000169   Thumb Code     8  startup_stm32f0xx.o(.text)
    ADC1_COMP_IRQHandler                     0x0800017b   Thumb Code     0  startup_stm32f0xx.o(.text)
    CEC_IRQHandler                           0x0800017b   Thumb Code     0  startup_stm32f0xx.o(.text)
    DMA1_Channel1_IRQHandler                 0x0800017b   Thumb Code     0  startup_stm32f0xx.o(.text)
    DMA1_Channel2_3_IRQHandler               0x0800017b   Thumb Code     0  startup_stm32f0xx.o(.text)
    DMA1_Channel4_5_IRQHandler               0x0800017b   Thumb Code     0  startup_stm32f0xx.o(.text)
    EXTI0_1_IRQHandler                       0x0800017b   Thumb Code     0  startup_stm32f0xx.o(.text)
    EXTI2_3_IRQHandler                       0x0800017b   Thumb Code     0  startup_stm32f0xx.o(.text)
    FLASH_IRQHandler                         0x0800017b   Thumb Code     0  startup_stm32f0xx.o(.text)
    I2C1_IRQHandler                          0x0800017b   Thumb Code     0  startup_stm32f0xx.o(.text)
    I2C2_IRQHandler                          0x0800017b   Thumb Code     0  startup_stm32f0xx.o(.text)
    PVD_IRQHandler                           0x0800017b   Thumb Code     0  startup_stm32f0xx.o(.text)
    RCC_IRQHandler                           0x0800017b   Thumb Code     0  startup_stm32f0xx.o(.text)
    SPI1_IRQHandler                          0x0800017b   Thumb Code     0  startup_stm32f0xx.o(.text)
    SPI2_IRQHandler                          0x0800017b   Thumb Code     0  startup_stm32f0xx.o(.text)
    TIM14_IRQHandler                         0x0800017b   Thumb Code     0  startup_stm32f0xx.o(.text)
    TIM15_IRQHandler                         0x0800017b   Thumb Code     0  startup_stm32f0xx.o(.text)
    TIM16_IRQHandler                         0x0800017b   Thumb Code     0  startup_stm32f0xx.o(.text)
    TIM17_IRQHandler                         0x0800017b   Thumb Code     0  startup_stm32f0xx.o(.text)
    TIM1_BRK_UP_TRG_COM_IRQHandler           0x0800017b   Thumb Code     0  startup_stm32f0xx.o(.text)
    TIM1_CC_IRQHandler                       0x0800017b   Thumb Code     0  startup_stm32f0xx.o(.text)
    TIM2_IRQHandler                          0x0800017b   Thumb Code     0  startup_stm32f0xx.o(.text)
    TIM3_IRQHandler                          0x0800017b   Thumb Code     0  startup_stm32f0xx.o(.text)
    TIM6_DAC_IRQHandler                      0x0800017b   Thumb Code     0  startup_stm32f0xx.o(.text)
    TS_IRQHandler                            0x0800017b   Thumb Code     0  startup_stm32f0xx.o(.text)
    USART2_IRQHandler                        0x0800017b   Thumb Code     0  startup_stm32f0xx.o(.text)
    WWDG_IRQHandler                          0x0800017b   Thumb Code     0  startup_stm32f0xx.o(.text)
    __user_initial_stackheap                 0x0800017d   Thumb Code     0  startup_stm32f0xx.o(.text)
    __aeabi_uidiv                            0x080001a1   Thumb Code     0  aeabi_sdiv.o(.text)
    __aeabi_uidivmod                         0x080001a1   Thumb Code    20  aeabi_sdiv.o(.text)
    __aeabi_idiv                             0x080001b5   Thumb Code     0  aeabi_sdiv.o(.text)
    __aeabi_idivmod                          0x080001b5   Thumb Code   326  aeabi_sdiv.o(.text)
    __use_two_region_memory                  0x080002fb   Thumb Code     2  heapauxi.o(.text)
    __rt_heap_escrow$2region                 0x080002fd   Thumb Code     2  heapauxi.o(.text)
    __rt_heap_expand$2region                 0x080002ff   Thumb Code     2  heapauxi.o(.text)
    __aeabi_i2f_normalise                    0x08000301   Thumb Code    72  fflti.o(.text)
    __aeabi_i2f                              0x08000349   Thumb Code    16  fflti.o(.text)
    _fflt                                    0x08000349   Thumb Code     0  fflti.o(.text)
    __aeabi_ui2f                             0x08000359   Thumb Code     6  fflti.o(.text)
    _ffltu                                   0x08000359   Thumb Code     0  fflti.o(.text)
    __user_setup_stackheap                   0x0800035f   Thumb Code    62  sys_stackheap_outer.o(.text)
    exit                                     0x0800039d   Thumb Code    12  exit.o(.text)
    __user_libspace                          0x080003a9   Thumb Code     8  libspace.o(.text)
    __user_perproc_libspace                  0x080003a9   Thumb Code     0  libspace.o(.text)
    __user_perthread_libspace                0x080003a9   Thumb Code     0  libspace.o(.text)
    _sys_exit                                0x080003b1   Thumb Code     8  sys_exit.o(.text)
    __I$use$semihosting                      0x080003bd   Thumb Code     0  use_no_semi.o(.text)
    __use_no_semihosting_swi                 0x080003bd   Thumb Code     2  use_no_semi.o(.text)
    EXTI4_15_IRQHandler                      0x080003bf   Thumb Code     2  stm32f0xx_it.o(i.EXTI4_15_IRQHandler)
    __semihosting_library_function           0x080003bf   Thumb Code     0  indicate_semi.o(.text)
    GPIO_Init                                0x080003c1   Thumb Code   144  stm32f0xx_gpio.o(i.GPIO_Init)
    GPIO_PinAFConfig                         0x08000451   Thumb Code    68  stm32f0xx_gpio.o(i.GPIO_PinAFConfig)
    HardFault_Handler                        0x08000495   Thumb Code     4  stm32f0xx_it.o(i.HardFault_Handler)
    NMI_Handler                              0x08000499   Thumb Code     2  stm32f0xx_it.o(i.NMI_Handler)
    NVIC_Init                                0x0800049d   Thumb Code   106  stm32f0xx_misc.o(i.NVIC_Init)
    PendSV_Handler                           0x08000585   Thumb Code     2  stm32f0xx_it.o(i.PendSV_Handler)
    RCC_AHBPeriphClockCmd                    0x08000589   Thumb Code    28  stm32f0xx_rcc.o(i.RCC_AHBPeriphClockCmd)
    RCC_APB2PeriphClockCmd                   0x080005a9   Thumb Code    28  stm32f0xx_rcc.o(i.RCC_APB2PeriphClockCmd)
    RCC_Configuration                        0x080005c9   Thumb Code    48  main.o(i.RCC_Configuration)
    RCC_GetClocksFreq                        0x080005f9   Thumb Code   338  stm32f0xx_rcc.o(i.RCC_GetClocksFreq)
    RCC_GetFlagStatus                        0x08000765   Thumb Code    66  stm32f0xx_rcc.o(i.RCC_GetFlagStatus)
    RCC_GetSYSCLKSource                      0x080007ad   Thumb Code    10  stm32f0xx_rcc.o(i.RCC_GetSYSCLKSource)
    RCC_PLLCmd                               0x080007bd   Thumb Code    36  stm32f0xx_rcc.o(i.RCC_PLLCmd)
    RCC_PLLConfig                            0x080007e5   Thumb Code    30  stm32f0xx_rcc.o(i.RCC_PLLConfig)
    RCC_SYSCLKConfig                         0x08000809   Thumb Code    24  stm32f0xx_rcc.o(i.RCC_SYSCLKConfig)
    RTC_IRQHandler                           0x08000825   Thumb Code     2  stm32f0xx_it.o(i.RTC_IRQHandler)
    SVC_Handler                              0x08000827   Thumb Code     2  stm32f0xx_it.o(i.SVC_Handler)
    SysTick_Handler                          0x0800091d   Thumb Code    32  stm32f0xx_it.o(i.SysTick_Handler)
    SystemInit                               0x08000945   Thumb Code   110  system_stm32f0xx.o(i.SystemInit)
    USART1_IRQHandler                        0x080009c1   Thumb Code   100  stm32f0xx_it.o(i.USART1_IRQHandler)
    USART_Cmd                                0x08000a39   Thumb Code    24  stm32f0xx_usart.o(i.USART_Cmd)
    USART_Configuration                      0x08000a51   Thumb Code   138  uart.o(i.USART_Configuration)
    USART_GetITStatus                        0x08000ae9   Thumb Code    78  stm32f0xx_usart.o(i.USART_GetITStatus)
    USART_ITConfig                           0x08000b37   Thumb Code    66  stm32f0xx_usart.o(i.USART_ITConfig)
    USART_Init                               0x08000b79   Thumb Code   230  stm32f0xx_usart.o(i.USART_Init)
    __ARM_common_switch8                     0x08000c69   Thumb Code    28  mavlink_helpers.o(i.__ARM_common_switch8)
    _mav_finalize_message_chan_send          0x08000c85   Thumb Code   136  mavlink_helpers.o(i._mav_finalize_message_chan_send)
    _mavlink_send_uart                       0x08000d11   Thumb Code    18  mavlink_helpers.o(i._mavlink_send_uart)
    crc_accumulate                           0x08000d23   Thumb Code    36  checksum.o(i.crc_accumulate)
    crc_accumulate_buffer                    0x08000d47   Thumb Code    34  checksum.o(i.crc_accumulate_buffer)
    crc_calculate                            0x08000d69   Thumb Code    40  checksum.o(i.crc_calculate)
    crc_init                                 0x08000d91   Thumb Code     8  checksum.o(i.crc_init)
    fifo_free                                0x08000d99   Thumb Code    34  fifo.o(i.fifo_free)
    fifo_init                                0x08000dbb   Thumb Code    34  fifo.o(i.fifo_init)
    fifo_read_ch                             0x08000ddd   Thumb Code    44  fifo.o(i.fifo_read_ch)
    fifo_used                                0x08000e09   Thumb Code    34  fifo.o(i.fifo_used)
    fifo_write_ch                            0x08000e2b   Thumb Code    44  fifo.o(i.fifo_write_ch)
    handleMessage                            0x08000e59   Thumb Code    70  opentel_mavlink.o(i.handleMessage)
    main                                     0x08000eb1   Thumb Code   146  main.o(i.main)
    mavlink_frame_char                       0x08000f59   Thumb Code    40  mavlink_helpers.o(i.mavlink_frame_char)
    mavlink_frame_char_buffer                0x08000f81   Thumb Code   416  mavlink_helpers.o(i.mavlink_frame_char_buffer)
    mavlink_get_channel_buffer               0x08001125   Thumb Code    14  mavlink_helpers.o(i.mavlink_get_channel_buffer)
    mavlink_get_channel_status               0x08001139   Thumb Code    12  mavlink_helpers.o(i.mavlink_get_channel_status)
    mavlink_msg_ahrs_decode                  0x08001149   Thumb Code    20  mavlink_msg_ahrs.o(i.mavlink_msg_ahrs_decode)
    mavlink_msg_ahrs_send                    0x0800115d   Thumb Code    52  mavlink_msg_ahrs.o(i.mavlink_msg_ahrs_send)
    mavlink_msg_attitude_decode              0x08001191   Thumb Code    20  mavlink_msg_attitude.o(i.mavlink_msg_attitude_decode)
    mavlink_msg_attitude_send                0x080011a5   Thumb Code    52  mavlink_msg_attitude.o(i.mavlink_msg_attitude_send)
    mavlink_msg_global_position_int_decode   0x080011d9   Thumb Code    20  mavlink_msg_global_position_int.o(i.mavlink_msg_global_position_int_decode)
    mavlink_msg_global_position_int_send     0x080011ed   Thumb Code    66  mavlink_msg_global_position_int.o(i.mavlink_msg_global_position_int_send)
    mavlink_msg_heartbeat_decode             0x0800122f   Thumb Code    20  mavlink_msg_heartbeat.o(i.mavlink_msg_heartbeat_decode)
    mavlink_msg_heartbeat_send               0x08001243   Thumb Code    50  mavlink_msg_heartbeat.o(i.mavlink_msg_heartbeat_send)
    mavlink_parse_char                       0x08001275   Thumb Code    82  mavlink_helpers.o(i.mavlink_parse_char)
    mavlink_send_message                     0x080012c9   Thumb Code   162  opentel_mavlink.o(i.mavlink_send_message)
    mavlink_start_checksum                   0x08001371   Thumb Code    12  mavlink_helpers.o(i.mavlink_start_checksum)
    mavlink_update_checksum                  0x0800140b   Thumb Code    16  mavlink_helpers.o(i.mavlink_update_checksum)
    memcpy                                   0x0800141b   Thumb Code    24  protocol.o(i.memcpy)
    serial_available                         0x080015e9   Thumb Code    10  uart.o(i.serial_available)
    serial_free                              0x080015f9   Thumb Code    10  uart.o(i.serial_free)
    serial_open                              0x08001609   Thumb Code    32  uart.o(i.serial_open)
    serial_read_ch                           0x08001639   Thumb Code    16  uart.o(i.serial_read_ch)
    serial_write_buf                         0x0800164d   Thumb Code    52  uart.o(i.serial_write_buf)
    update                                   0x08001695   Thumb Code    62  opentel_mavlink.o(i.update)
    __I$use$fp                               0x080016dc   Number         0  usenofp.o(x$fpl$usenofp)
    Region$$Table$$Base                      0x080017dc   Number         0  anon$$obj.o(Region$$Table)
    Region$$Table$$Limit                     0x080017fc   Number         0  anon$$obj.o(Region$$Table)
    chan                                     0x20000001   Data           1  opentel_mavlink.o(.data)
    packet_drops                             0x20000002   Data           2  opentel_mavlink.o(.data)
    testTxBuf                                0x20000008   Data          10  main.o(.data)
    mavlink_system                           0x20000012   Data           2  main.o(.data)
    msg                                      0x20000014   Data           4  main.o(.data)
    tranlTimer                               0x20000018   Data           2  main.o(.data)
    SystemCoreClock                          0x2000001c   Data           4  system_stm32f0xx.o(.data)
    AHBPrescTable                            0x20000020   Data          16  system_stm32f0xx.o(.data)
    heartbeat                                0x200004b0   Data          12  opentel_mavlink.o(.bss)
    attitude                                 0x200004bc   Data          28  opentel_mavlink.o(.bss)
    position                                 0x200004d8   Data          28  opentel_mavlink.o(.bss)
    ahrs                                     0x200004f4   Data          28  opentel_mavlink.o(.bss)
    buf                                      0x20000510   Data         100  opentel_mavlink.o(.bss)
    uart_rx_fifo                             0x200005dc   Data          12  uart.o(.bss)
    uart_tx_fifo                             0x200005e8   Data          12  uart.o(.bss)
    uart_tx_buf                              0x200005f4   Data         255  uart.o(.bss)
    uart_rx_buf                              0x200006f3   Data         255  uart.o(.bss)
    __libspace_start                         0x200007f4   Data          96  libspace.o(.bss)
    __temporary_stack_top$libspace           0x20000854   Data           0  libspace.o(.bss)



==============================================================================

Memory Map of the image

  Image Entry point : 0x080000c1

  Load Region LR_IROM1 (Base: 0x08000000, Size: 0x0000183c, Max: 0x00008000, ABSOLUTE)

    Execution Region ER_IROM1 (Base: 0x08000000, Size: 0x000017fc, Max: 0x00008000, ABSOLUTE)

    Base Addr    Size         Type   Attr      Idx    E Section Name        Object

    0x08000000   0x000000c0   Data   RO         3115    RESET               startup_stm32f0xx.o
    0x080000c0   0x00000008   Code   RO         6349  * !!!main             c_p.l(__main.o)
    0x080000c8   0x0000003c   Code   RO         6518    !!!scatter          c_p.l(__scatter.o)
    0x08000104   0x0000001a   Code   RO         6520    !!handler_copy      c_p.l(__scatter_copy.o)
    0x0800011e   0x00000002   PAD
    0x08000120   0x0000001c   Code   RO         6522    !!handler_zi        c_p.l(__scatter_zi.o)
    0x0800013c   0x00000002   Code   RO         6390    .ARM.Collect$$libinit$$00000000  c_p.l(libinit.o)
    0x0800013e   0x00000004   Code   RO         6403    .ARM.Collect$$libinit$$00000001  c_p.l(libinit2.o)
    0x08000142   0x00000000   Code   RO         6407    .ARM.Collect$$libinit$$00000008  c_p.l(libinit2.o)
    0x08000142   0x00000000   Code   RO         6409    .ARM.Collect$$libinit$$0000000A  c_p.l(libinit2.o)
    0x08000142   0x00000000   Code   RO         6411    .ARM.Collect$$libinit$$0000000C  c_p.l(libinit2.o)
    0x08000142   0x00000000   Code   RO         6414    .ARM.Collect$$libinit$$0000000F  c_p.l(libinit2.o)
    0x08000142   0x00000000   Code   RO         6416    .ARM.Collect$$libinit$$00000011  c_p.l(libinit2.o)
    0x08000142   0x00000000   Code   RO         6418    .ARM.Collect$$libinit$$00000013  c_p.l(libinit2.o)
    0x08000142   0x00000000   Code   RO         6420    .ARM.Collect$$libinit$$00000015  c_p.l(libinit2.o)
    0x08000142   0x00000000   Code   RO         6422    .ARM.Collect$$libinit$$00000017  c_p.l(libinit2.o)
    0x08000142   0x00000000   Code   RO         6424    .ARM.Collect$$libinit$$00000019  c_p.l(libinit2.o)
    0x08000142   0x00000000   Code   RO         6426    .ARM.Collect$$libinit$$0000001B  c_p.l(libinit2.o)
    0x08000142   0x00000000   Code   RO         6428    .ARM.Collect$$libinit$$0000001D  c_p.l(libinit2.o)
    0x08000142   0x00000000   Code   RO         6430    .ARM.Collect$$libinit$$0000001F  c_p.l(libinit2.o)
    0x08000142   0x00000000   Code   RO         6432    .ARM.Collect$$libinit$$00000021  c_p.l(libinit2.o)
    0x08000142   0x00000000   Code   RO         6434    .ARM.Collect$$libinit$$00000023  c_p.l(libinit2.o)
    0x08000142   0x00000000   Code   RO         6438    .ARM.Collect$$libinit$$0000002A  c_p.l(libinit2.o)
    0x08000142   0x00000000   Code   RO         6440    .ARM.Collect$$libinit$$0000002C  c_p.l(libinit2.o)
    0x08000142   0x00000000   Code   RO         6442    .ARM.Collect$$libinit$$0000002E  c_p.l(libinit2.o)
    0x08000142   0x00000000   Code   RO         6444    .ARM.Collect$$libinit$$00000030  c_p.l(libinit2.o)
    0x08000142   0x00000002   Code   RO         6445    .ARM.Collect$$libinit$$00000031  c_p.l(libinit2.o)
    0x08000144   0x00000002   Code   RO         6476    .ARM.Collect$$libshutdown$$00000000  c_p.l(libshutdown.o)
    0x08000146   0x00000000   Code   RO         6503    .ARM.Collect$$libshutdown$$00000003  c_p.l(libshutdown2.o)
    0x08000146   0x00000000   Code   RO         6506    .ARM.Collect$$libshutdown$$00000006  c_p.l(libshutdown2.o)
    0x08000146   0x00000000   Code   RO         6509    .ARM.Collect$$libshutdown$$00000009  c_p.l(libshutdown2.o)
    0x08000146   0x00000000   Code   RO         6511    .ARM.Collect$$libshutdown$$0000000B  c_p.l(libshutdown2.o)
    0x08000146   0x00000000   Code   RO         6514    .ARM.Collect$$libshutdown$$0000000E  c_p.l(libshutdown2.o)
    0x08000146   0x00000002   Code   RO         6515    .ARM.Collect$$libshutdown$$0000000F  c_p.l(libshutdown2.o)
    0x08000148   0x00000000   Code   RO         6353    .ARM.Collect$$rtentry$$00000000  c_p.l(rtentry.o)
    0x08000148   0x00000000   Code   RO         6360    .ARM.Collect$$rtentry$$00000002  c_p.l(rtentry2.o)
    0x08000148   0x00000006   Code   RO         6372    .ARM.Collect$$rtentry$$00000004  c_p.l(rtentry4.o)
    0x0800014e   0x00000000   Code   RO         6362    .ARM.Collect$$rtentry$$00000009  c_p.l(rtentry2.o)
    0x0800014e   0x00000004   Code   RO         6363    .ARM.Collect$$rtentry$$0000000A  c_p.l(rtentry2.o)
    0x08000152   0x00000000   Code   RO         6365    .ARM.Collect$$rtentry$$0000000C  c_p.l(rtentry2.o)
    0x08000152   0x00000008   Code   RO         6366    .ARM.Collect$$rtentry$$0000000D  c_p.l(rtentry2.o)
    0x0800015a   0x00000002   Code   RO         6395    .ARM.Collect$$rtexit$$00000000  c_p.l(rtexit.o)
    0x0800015c   0x00000000   Code   RO         6449    .ARM.Collect$$rtexit$$00000002  c_p.l(rtexit2.o)
    0x0800015c   0x00000004   Code   RO         6450    .ARM.Collect$$rtexit$$00000003  c_p.l(rtexit2.o)
    0x08000160   0x00000006   Code   RO         6451    .ARM.Collect$$rtexit$$00000004  c_p.l(rtexit2.o)
    0x08000166   0x00000002   PAD
    0x08000168   0x00000038   Code   RO         3116    .text               startup_stm32f0xx.o
    0x080001a0   0x0000015a   Code   RO         6343    .text               c_p.l(aeabi_sdiv.o)
    0x080002fa   0x00000006   Code   RO         6347    .text               c_p.l(heapauxi.o)
    0x08000300   0x0000005e   Code   RO         6351    .text               fz_ps.l(fflti.o)
    0x0800035e   0x0000003e   Code   RO         6376    .text               c_p.l(sys_stackheap_outer.o)
    0x0800039c   0x0000000c   Code   RO         6379    .text               c_p.l(exit.o)
    0x080003a8   0x00000008   Code   RO         6391    .text               c_p.l(libspace.o)
    0x080003b0   0x0000000c   Code   RO         6446    .text               c_p.l(sys_exit.o)
    0x080003bc   0x00000002   Code   RO         6465    .text               c_p.l(use_no_semi.o)
    0x080003be   0x00000000   Code   RO         6467    .text               c_p.l(indicate_semi.o)
    0x080003be   0x00000002   Code   RO         2989    i.EXTI4_15_IRQHandler  stm32f0xx_it.o
    0x080003c0   0x00000090   Code   RO         4044    i.GPIO_Init         stm32f0xx_gpio.o
    0x08000450   0x00000044   Code   RO         4045    i.GPIO_PinAFConfig  stm32f0xx_gpio.o
    0x08000494   0x00000004   Code   RO         2990    i.HardFault_Handler  stm32f0xx_it.o
    0x08000498   0x00000002   Code   RO         2991    i.NMI_Handler       stm32f0xx_it.o
    0x0800049a   0x00000002   PAD
    0x0800049c   0x00000070   Code   RO         4463    i.NVIC_Init         stm32f0xx_misc.o
    0x0800050c   0x00000078   Code   RO         2782    i.NVIC_SetPriority  main.o
    0x08000584   0x00000002   Code   RO         2992    i.PendSV_Handler    stm32f0xx_it.o
    0x08000586   0x00000002   PAD
    0x08000588   0x00000020   Code   RO         4573    i.RCC_AHBPeriphClockCmd  stm32f0xx_rcc.o
    0x080005a8   0x00000020   Code   RO         4577    i.RCC_APB2PeriphClockCmd  stm32f0xx_rcc.o
    0x080005c8   0x00000030   Code   RO         2783    i.RCC_Configuration  main.o
    0x080005f8   0x0000016c   Code   RO         4587    i.RCC_GetClocksFreq  stm32f0xx_rcc.o
    0x08000764   0x00000048   Code   RO         4588    i.RCC_GetFlagStatus  stm32f0xx_rcc.o
    0x080007ac   0x00000010   Code   RO         4590    i.RCC_GetSYSCLKSource  stm32f0xx_rcc.o
    0x080007bc   0x00000028   Code   RO         4603    i.RCC_PLLCmd        stm32f0xx_rcc.o
    0x080007e4   0x00000024   Code   RO         4604    i.RCC_PLLConfig     stm32f0xx_rcc.o
    0x08000808   0x0000001c   Code   RO         4608    i.RCC_SYSCLKConfig  stm32f0xx_rcc.o
    0x08000824   0x00000002   Code   RO         2993    i.RTC_IRQHandler    stm32f0xx_it.o
    0x08000826   0x00000002   Code   RO         2994    i.SVC_Handler       stm32f0xx_it.o
    0x08000828   0x000000f4   Code   RO         3078    i.SetSysClock       system_stm32f0xx.o
    0x0800091c   0x00000028   Code   RO         2995    i.SysTick_Handler   stm32f0xx_it.o
    0x08000944   0x0000007c   Code   RO         3080    i.SystemInit        system_stm32f0xx.o
    0x080009c0   0x00000078   Code   RO         2996    i.USART1_IRQHandler  stm32f0xx_it.o
    0x08000a38   0x00000018   Code   RO         5972    i.USART_Cmd         stm32f0xx_usart.o
    0x08000a50   0x00000098   Code   RO         2828    i.USART_Configuration  uart.o
    0x08000ae8   0x0000004e   Code   RO         5981    i.USART_GetITStatus  stm32f0xx_usart.o
    0x08000b36   0x00000042   Code   RO         5983    i.USART_ITConfig    stm32f0xx_usart.o
    0x08000b78   0x000000f0   Code   RO         5984    i.USART_Init        stm32f0xx_usart.o
    0x08000c68   0x0000001c   Code   RO          148    i.__ARM_common_switch8  mavlink_helpers.o
    0x08000c84   0x0000008c   Code   RO           41    i._mav_finalize_message_chan_send  mavlink_helpers.o
    0x08000d10   0x00000012   Code   RO           43    i._mavlink_send_uart  mavlink_helpers.o
    0x08000d22   0x00000024   Code   RO            1    i.crc_accumulate    checksum.o
    0x08000d46   0x00000022   Code   RO            2    i.crc_accumulate_buffer  checksum.o
    0x08000d68   0x00000028   Code   RO            3    i.crc_calculate     checksum.o
    0x08000d90   0x00000008   Code   RO            4    i.crc_init          checksum.o
    0x08000d98   0x00000022   Code   RO         2945    i.fifo_free         fifo.o
    0x08000dba   0x00000022   Code   RO         2946    i.fifo_init         fifo.o
    0x08000ddc   0x0000002c   Code   RO         2947    i.fifo_read_ch      fifo.o
    0x08000e08   0x00000022   Code   RO         2948    i.fifo_used         fifo.o
    0x08000e2a   0x0000002c   Code   RO         2949    i.fifo_write_ch     fifo.o
    0x08000e56   0x00000002   PAD
    0x08000e58   0x00000058   Code   RO         2597    i.handleMessage     opentel_mavlink.o
    0x08000eb0   0x000000a8   Code   RO         2785    i.main              main.o
    0x08000f58   0x00000028   Code   RO           47    i.mavlink_frame_char  mavlink_helpers.o
    0x08000f80   0x000001a4   Code   RO           48    i.mavlink_frame_char_buffer  mavlink_helpers.o
    0x08001124   0x00000014   Code   RO           49    i.mavlink_get_channel_buffer  mavlink_helpers.o
    0x08001138   0x00000010   Code   RO           50    i.mavlink_get_channel_status  mavlink_helpers.o
    0x08001148   0x00000014   Code   RO          582    i.mavlink_msg_ahrs_decode  mavlink_msg_ahrs.o
    0x0800115c   0x00000034   Code   RO          594    i.mavlink_msg_ahrs_send  mavlink_msg_ahrs.o
    0x08001190   0x00000014   Code   RO          675    i.mavlink_msg_attitude_decode  mavlink_msg_attitude.o
    0x080011a4   0x00000034   Code   RO          687    i.mavlink_msg_attitude_send  mavlink_msg_attitude.o
    0x080011d8   0x00000014   Code   RO          768    i.mavlink_msg_global_position_int_decode  mavlink_msg_global_position_int.o
    0x080011ec   0x00000042   Code   RO          782    i.mavlink_msg_global_position_int_send  mavlink_msg_global_position_int.o
    0x0800122e   0x00000014   Code   RO          423    i.mavlink_msg_heartbeat_decode  mavlink_msg_heartbeat.o
    0x08001242   0x00000032   Code   RO          433    i.mavlink_msg_heartbeat_send  mavlink_msg_heartbeat.o
    0x08001274   0x00000052   Code   RO           52    i.mavlink_parse_char  mavlink_helpers.o
    0x080012c6   0x00000002   PAD
    0x080012c8   0x000000a8   Code   RO         2598    i.mavlink_send_message  opentel_mavlink.o
    0x08001370   0x0000000c   Code   RO           54    i.mavlink_start_checksum  mavlink_helpers.o
    0x0800137c   0x0000008e   Code   RO         2600    i.mavlink_try_send_message  opentel_mavlink.o
    0x0800140a   0x00000010   Code   RO           55    i.mavlink_update_checksum  mavlink_helpers.o
    0x0800141a   0x00000018   Code   RO          233    i.memcpy            protocol.o
    0x08001432   0x00000002   PAD
    0x08001434   0x0000008c   Code   RO         2601    i.send_ahrs         opentel_mavlink.o
    0x080014c0   0x000000a4   Code   RO         2602    i.send_attitude     opentel_mavlink.o
    0x08001564   0x00000054   Code   RO         2603    i.send_heartbeat    opentel_mavlink.o
    0x080015b8   0x0000002e   Code   RO         2604    i.send_location     opentel_mavlink.o
    0x080015e6   0x00000002   Code   RO         2605    i.send_statustext   opentel_mavlink.o
    0x080015e8   0x00000010   Code   RO         2830    i.serial_available  uart.o
    0x080015f8   0x00000010   Code   RO         2831    i.serial_free       uart.o
    0x08001608   0x00000030   Code   RO         2832    i.serial_open       uart.o
    0x08001638   0x00000014   Code   RO         2833    i.serial_read_ch    uart.o
    0x0800164c   0x00000040   Code   RO         2834    i.serial_write_buf  uart.o
    0x0800168c   0x00000006   Code   RO         2606    i.telemetry_delayed  opentel_mavlink.o
    0x08001692   0x00000002   PAD
    0x08001694   0x00000048   Code   RO         2607    i.update            opentel_mavlink.o
    0x080016dc   0x00000000   Code   RO         6358    x$fpl$usenofp       fz_ps.l(usenofp.o)
    0x080016dc   0x00000100   Data   RO           58    .constdata          mavlink_helpers.o
    0x080017dc   0x00000020   Data   RO         6516    Region$$Table       anon$$obj.o


    Execution Region RW_IRAM1 (Base: 0x20000000, Size: 0x00000e58, Max: 0x00001000, ABSOLUTE)

    Base Addr    Size         Type   Attr      Idx    E Section Name        Object

    0x20000000   0x00000005   Data   RW         2609    .data               opentel_mavlink.o
    0x20000005   0x00000003   PAD
    0x20000008   0x00000012   Data   RW         2786    .data               main.o
    0x2000001a   0x00000001   Data   RW         2997    .data               stm32f0xx_it.o
    0x2000001b   0x00000001   PAD
    0x2000001c   0x00000014   Data   RW         3081    .data               system_stm32f0xx.o
    0x20000030   0x00000010   Data   RW         4611    .data               stm32f0xx_rcc.o
    0x20000040   0x00000470   Zero   RW           57    .bss                mavlink_helpers.o
    0x200004b0   0x00000129   Zero   RW         2608    .bss                opentel_mavlink.o
    0x200005d9   0x00000003   PAD
    0x200005dc   0x00000216   Zero   RW         2835    .bss                uart.o
    0x200007f2   0x00000002   PAD
    0x200007f4   0x00000060   Zero   RW         6392    .bss                c_p.l(libspace.o)
    0x20000854   0x00000004   PAD
    0x20000858   0x00000200   Zero   RW         3114    HEAP                startup_stm32f0xx.o
    0x20000a58   0x00000400   Zero   RW         3113    STACK               startup_stm32f0xx.o


==============================================================================

Image component sizes


      Code (inc. data)   RO Data    RW Data    ZI Data      Debug   Object Name

       118          0          0          0          0       6296   checksum.o
       190          0          0          0          0       2519   fifo.o
       336         32          0         18          0       7365   main.o
       792         32        256          0       1136       9947   mavlink_helpers.o
        72          0          0          0          0       2810   mavlink_msg_ahrs.o
        72          0          0          0          0       2898   mavlink_msg_attitude.o
        86          0          0          0          0       3452   mavlink_msg_global_position_int.o
        70          0          0          0          0       6504   mavlink_msg_heartbeat.o
       912         56          0          5        297     104441   opentel_mavlink.o
        24          0          0          0          0        949   protocol.o
        56         26        192          0       1536        560   startup_stm32f0xx.o
       212          0          0          0          0       1475   stm32f0xx_gpio.o
       174         28          0          1          0       3050   stm32f0xx_it.o
       112          6          0          0          0        728   stm32f0xx_misc.o
       620         60          0         16          0       4743   stm32f0xx_rcc.o
       408         10          0          0          0       3194   stm32f0xx_usart.o
       368         22          0         20          0       1445   system_stm32f0xx.o
       316         58          0          0        534     114277   uart.o

    ----------------------------------------------------------------------
      4950        330        480         64       3508     276653   Object Totals
         0          0         32          0          0          0   (incl. Generated)
        12          0          0          4          5          0   (incl. Padding)

    ----------------------------------------------------------------------

      Code (inc. data)   RO Data    RW Data    ZI Data      Debug   Library Member Name

         8          0          0          0          0         68   __main.o
        60          8          0          0          0          0   __scatter.o
        26          0          0          0          0          0   __scatter_copy.o
        28          0          0          0          0          0   __scatter_zi.o
       346          0          0          0          0         92   aeabi_sdiv.o
        12          0          0          0          0         64   exit.o
         6          0          0          0          0        136   heapauxi.o
         0          0          0          0          0          0   indicate_semi.o
         2          0          0          0          0          0   libinit.o
         6          0          0          0          0          0   libinit2.o
         2          0          0          0          0          0   libshutdown.o
         2          0          0          0          0          0   libshutdown2.o
         8          4          0          0         96         68   libspace.o
         0          0          0          0          0          0   rtentry.o
        12          0          0          0          0          0   rtentry2.o
         6          0          0          0          0          0   rtentry4.o
         2          0          0          0          0          0   rtexit.o
        10          0          0          0          0          0   rtexit2.o
        12          4          0          0          0         60   sys_exit.o
        62          0          0          0          0         80   sys_stackheap_outer.o
         2          0          0          0          0         68   use_no_semi.o
        94          0          0          0          0         92   fflti.o
         0          0          0          0          0          0   usenofp.o

    ----------------------------------------------------------------------
       710         16          0          0        100        728   Library Totals
         4          0          0          0          4          0   (incl. Padding)

    ----------------------------------------------------------------------

      Code (inc. data)   RO Data    RW Data    ZI Data      Debug   Library Name

       612         16          0          0         96        636   c_p.l
        94          0          0          0          0         92   fz_ps.l

    ----------------------------------------------------------------------
       710         16          0          0        100        728   Library Totals

    ----------------------------------------------------------------------

==============================================================================


      Code (inc. data)   RO Data    RW Data    ZI Data      Debug   

      5660        346        480         64       3608     273953   Grand Totals
      5660        346        480         64       3608     273953   ELF Image Totals
      5660        346        480         64          0          0   ROM Totals

==============================================================================

    Total RO  Size (Code + RO Data)                 6140 (   6.00kB)
    Total RW  Size (RW Data + ZI Data)              3672 (   3.59kB)
    Total ROM Size (Code + RO Data + RW Data)       6204 (   6.06kB)

==============================================================================

